Archive member included to satisfy reference by file (symbol)

C:/Users/pauli/Desktop/Mikrovaldikliu lab/STM32CubeIDE_1.14.1/STM32CubeIDE/plugins/com.st.stm32cube.ide.mcu.externaltools.gnu-tools-for-stm32.12.3.rel1.win32_1.0.100.202403111256/tools/bin/../lib/gcc/arm-none-eabi/12.3.1/../../../../arm-none-eabi/lib/thumb/v7e-m+fp/hard\libc_nano.a(libc_a-exit.o)
                              C:/Users/pauli/Desktop/Mikrovaldikliu lab/STM32CubeIDE_1.14.1/STM32CubeIDE/plugins/com.st.stm32cube.ide.mcu.externaltools.gnu-tools-for-stm32.12.3.rel1.win32_1.0.100.202403111256/tools/bin/../lib/gcc/arm-none-eabi/12.3.1/../../../../arm-none-eabi/lib/thumb/v7e-m+fp/hard/crt0.o (exit)
C:/Users/pauli/Desktop/Mikrovaldikliu lab/STM32CubeIDE_1.14.1/STM32CubeIDE/plugins/com.st.stm32cube.ide.mcu.externaltools.gnu-tools-for-stm32.12.3.rel1.win32_1.0.100.202403111256/tools/bin/../lib/gcc/arm-none-eabi/12.3.1/../../../../arm-none-eabi/lib/thumb/v7e-m+fp/hard\libc_nano.a(libc_a-findfp.o)
                              C:/Users/pauli/Desktop/Mikrovaldikliu lab/STM32CubeIDE_1.14.1/STM32CubeIDE/plugins/com.st.stm32cube.ide.mcu.externaltools.gnu-tools-for-stm32.12.3.rel1.win32_1.0.100.202403111256/tools/bin/../lib/gcc/arm-none-eabi/12.3.1/../../../../arm-none-eabi/lib/thumb/v7e-m+fp/hard\libc_nano.a(libc_a-exit.o) (__stdio_exit_handler)
C:/Users/pauli/Desktop/Mikrovaldikliu lab/STM32CubeIDE_1.14.1/STM32CubeIDE/plugins/com.st.stm32cube.ide.mcu.externaltools.gnu-tools-for-stm32.12.3.rel1.win32_1.0.100.202403111256/tools/bin/../lib/gcc/arm-none-eabi/12.3.1/../../../../arm-none-eabi/lib/thumb/v7e-m+fp/hard\libc_nano.a(libc_a-fwalk.o)
                              C:/Users/pauli/Desktop/Mikrovaldikliu lab/STM32CubeIDE_1.14.1/STM32CubeIDE/plugins/com.st.stm32cube.ide.mcu.externaltools.gnu-tools-for-stm32.12.3.rel1.win32_1.0.100.202403111256/tools/bin/../lib/gcc/arm-none-eabi/12.3.1/../../../../arm-none-eabi/lib/thumb/v7e-m+fp/hard\libc_nano.a(libc_a-findfp.o) (_fwalk_sglue)
C:/Users/pauli/Desktop/Mikrovaldikliu lab/STM32CubeIDE_1.14.1/STM32CubeIDE/plugins/com.st.stm32cube.ide.mcu.externaltools.gnu-tools-for-stm32.12.3.rel1.win32_1.0.100.202403111256/tools/bin/../lib/gcc/arm-none-eabi/12.3.1/../../../../arm-none-eabi/lib/thumb/v7e-m+fp/hard\libc_nano.a(libc_a-sprintf.o)
                              ./Core/Src/main.o (sprintf)
C:/Users/pauli/Desktop/Mikrovaldikliu lab/STM32CubeIDE_1.14.1/STM32CubeIDE/plugins/com.st.stm32cube.ide.mcu.externaltools.gnu-tools-for-stm32.12.3.rel1.win32_1.0.100.202403111256/tools/bin/../lib/gcc/arm-none-eabi/12.3.1/../../../../arm-none-eabi/lib/thumb/v7e-m+fp/hard\libc_nano.a(libc_a-stdio.o)
                              C:/Users/pauli/Desktop/Mikrovaldikliu lab/STM32CubeIDE_1.14.1/STM32CubeIDE/plugins/com.st.stm32cube.ide.mcu.externaltools.gnu-tools-for-stm32.12.3.rel1.win32_1.0.100.202403111256/tools/bin/../lib/gcc/arm-none-eabi/12.3.1/../../../../arm-none-eabi/lib/thumb/v7e-m+fp/hard\libc_nano.a(libc_a-findfp.o) (__sread)
C:/Users/pauli/Desktop/Mikrovaldikliu lab/STM32CubeIDE_1.14.1/STM32CubeIDE/plugins/com.st.stm32cube.ide.mcu.externaltools.gnu-tools-for-stm32.12.3.rel1.win32_1.0.100.202403111256/tools/bin/../lib/gcc/arm-none-eabi/12.3.1/../../../../arm-none-eabi/lib/thumb/v7e-m+fp/hard\libc_nano.a(libc_a-memset.o)
                              C:/Users/pauli/Desktop/Mikrovaldikliu lab/STM32CubeIDE_1.14.1/STM32CubeIDE/plugins/com.st.stm32cube.ide.mcu.externaltools.gnu-tools-for-stm32.12.3.rel1.win32_1.0.100.202403111256/tools/bin/../lib/gcc/arm-none-eabi/12.3.1/../../../../arm-none-eabi/lib/thumb/v7e-m+fp/hard/crt0.o (memset)
C:/Users/pauli/Desktop/Mikrovaldikliu lab/STM32CubeIDE_1.14.1/STM32CubeIDE/plugins/com.st.stm32cube.ide.mcu.externaltools.gnu-tools-for-stm32.12.3.rel1.win32_1.0.100.202403111256/tools/bin/../lib/gcc/arm-none-eabi/12.3.1/../../../../arm-none-eabi/lib/thumb/v7e-m+fp/hard\libc_nano.a(libc_a-closer.o)
                              C:/Users/pauli/Desktop/Mikrovaldikliu lab/STM32CubeIDE_1.14.1/STM32CubeIDE/plugins/com.st.stm32cube.ide.mcu.externaltools.gnu-tools-for-stm32.12.3.rel1.win32_1.0.100.202403111256/tools/bin/../lib/gcc/arm-none-eabi/12.3.1/../../../../arm-none-eabi/lib/thumb/v7e-m+fp/hard\libc_nano.a(libc_a-stdio.o) (_close_r)
C:/Users/pauli/Desktop/Mikrovaldikliu lab/STM32CubeIDE_1.14.1/STM32CubeIDE/plugins/com.st.stm32cube.ide.mcu.externaltools.gnu-tools-for-stm32.12.3.rel1.win32_1.0.100.202403111256/tools/bin/../lib/gcc/arm-none-eabi/12.3.1/../../../../arm-none-eabi/lib/thumb/v7e-m+fp/hard\libc_nano.a(libc_a-reent.o)
                              C:/Users/pauli/Desktop/Mikrovaldikliu lab/STM32CubeIDE_1.14.1/STM32CubeIDE/plugins/com.st.stm32cube.ide.mcu.externaltools.gnu-tools-for-stm32.12.3.rel1.win32_1.0.100.202403111256/tools/bin/../lib/gcc/arm-none-eabi/12.3.1/../../../../arm-none-eabi/lib/thumb/v7e-m+fp/hard\libc_nano.a(libc_a-closer.o) (errno)
[...]
Memory Configuration

Name             Origin             Length             Attributes
CCMRAM           0x10000000         0x00010000         xrw
RAM              0x20000000         0x00020000         xrw
FLASH            0x08000000         0x00100000         xr
*default*        0x00000000         0xffffffff

Linker script and memory map

LOAD C:/Users/pauli/Desktop/Mikrovaldikliu lab/STM32CubeIDE_1.14.1/STM32CubeIDE/plugins/com.st.stm32cube.ide.mcu.externaltools.gnu-tools-for-stm32.12.3.rel1.win32_1.0.100.202403111256/tools/bin/../lib/gcc/arm-none-eabi/12.3.1/thumb/v7e-m+fp/hard/crti.o
LOAD C:/Users/pauli/Desktop/Mikrovaldikliu lab/STM32CubeIDE_1.14.1/STM32CubeIDE/plugins/com.st.stm32cube.ide.mcu.externaltools.gnu-tools-for-stm32.12.3.rel1.win32_1.0.100.202403111256/tools/bin/../lib/gcc/arm-none-eabi/12.3.1/thumb/v7e-m+fp/hard/crtbegin.o
LOAD C:/Users/pauli/Desktop/Mikrovaldikliu lab/STM32CubeIDE_1.14.1/STM32CubeIDE/plugins/com.st.stm32cube.ide.mcu.externaltools.gnu-tools-for-stm32.12.3.rel1.win32_1.0.100.202403111256/tools/bin/../lib/gcc/arm-none-eabi/12.3.1/../../../../arm-none-eabi/lib/thumb/v7e-m+fp/hard/crt0.o
LOAD ./Core/Src/main.o
LOAD ./Core/Src/stm32f4xx_hal_msp.o
LOAD ./Core/Src/stm32f4xx_it.o
LOAD ./Core/Src/syscalls.o
LOAD ./Core/Src/sysmem.o
LOAD ./Core/Src/system_stm32f4xx.o
LOAD ./Core/Startup/startup_stm32f407vgtx.o
LOAD ./Drivers/STM32F4xx_HAL_Driver/Src/stm32f4xx_hal.o
LOAD ./Drivers/STM32F4xx_HAL_Driver/Src/stm32f4xx_hal_adc.o
LOAD ./Drivers/STM32F4xx_HAL_Driver/Src/stm32f4xx_hal_adc_ex.o
LOAD ./Drivers/STM32F4xx_HAL_Driver/Src/stm32f4xx_hal_cortex.o
LOAD ./Drivers/STM32F4xx_HAL_Driver/Src/stm32f4xx_hal_dma.o
LOAD ./Drivers/STM32F4xx_HAL_Driver/Src/stm32f4xx_hal_dma_ex.o
LOAD ./Drivers/STM32F4xx_HAL_Driver/Src/stm32f4xx_hal_exti.o
LOAD ./Drivers/STM32F4xx_HAL_Driver/Src/stm32f4xx_hal_flash.o
LOAD ./Drivers/STM32F4xx_HAL_Driver/Src/stm32f4xx_hal_flash_ex.o
LOAD ./Drivers/STM32F4xx_HAL_Driver/Src/stm32f4xx_hal_flash_ramfunc.o
LOAD ./Drivers/STM32F4xx_HAL_Driver/Src/stm32f4xx_hal_gpio.o
LOAD ./Drivers/STM32F4xx_HAL_Driver/Src/stm32f4xx_hal_pcd.o
LOAD ./Drivers/STM32F4xx_HAL_Driver/Src/stm32f4xx_hal_pcd_ex.o
LOAD ./Drivers/STM32F4xx_HAL_Driver/Src/stm32f4xx_hal_pwr.o
LOAD ./Drivers/STM32F4xx_HAL_Driver/Src/stm32f4xx_hal_pwr_ex.o
LOAD ./Drivers/STM32F4xx_HAL_Driver/Src/stm32f4xx_hal_rcc.o
LOAD ./Drivers/STM32F4xx_HAL_Driver/Src/stm32f4xx_hal_rcc_ex.o
LOAD ./Drivers/STM32F4xx_HAL_Driver/Src/stm32f4xx_hal_tim.o
LOAD ./Drivers/STM32F4xx_HAL_Driver/Src/stm32f4xx_hal_tim_ex.o
LOAD ./Drivers/STM32F4xx_HAL_Driver/Src/stm32f4xx_ll_adc.o
LOAD ./Drivers/STM32F4xx_HAL_Driver/Src/stm32f4xx_ll_usb.o
LOAD ./Middlewares/ST/STM32_USB_Device_Library/Class/CDC/Src/usbd_cdc.o
LOAD ./Middlewares/ST/STM32_USB_Device_Library/Core/Src/usbd_core.o
LOAD ./Middlewares/ST/STM32_USB_Device_Library/Core/Src/usbd_ctlreq.o
LOAD ./Middlewares/ST/STM32_USB_Device_Library/Core/Src/usbd_ioreq.o
LOAD ./USB_DEVICE/App/usb_device.o
LOAD ./USB_DEVICE/App/usbd_cdc_if.o
LOAD ./USB_DEVICE/App/usbd_desc.o
LOAD ./USB_DEVICE/Target/usbd_conf.o
START GROUP
LOAD C:/Users/pauli/Desktop/Mikrovaldikliu lab/STM32CubeIDE_1.14.1/STM32CubeIDE/plugins/com.st.stm32cube.ide.mcu.externaltools.gnu-tools-for-stm32.12.3.rel1.win32_1.0.100.202403111256/tools/bin/../lib/gcc/arm-none-eabi/12.3.1/../../../../arm-none-eabi/lib/thumb/v7e-m+fp/hard\libc_nano.a
LOAD C:/Users/pauli/Desktop/Mikrovaldikliu lab/STM32CubeIDE_1.14.1/STM32CubeIDE/plugins/com.st.stm32cube.ide.mcu.externaltools.gnu-tools-for-stm32.12.3.rel1.win32_1.0.100.202403111256/tools/bin/../lib/gcc/arm-none-eabi/12.3.1/../../../../arm-none-eabi/lib/thumb/v7e-m+fp/hard\libm.a
END GROUP
START GROUP
LOAD C:/Users/pauli/Desktop/Mikrovaldikliu lab/STM32CubeIDE_1.14.1/STM32CubeIDE/plugins/com.st.stm32cube.ide.mcu.externaltools.gnu-tools-for-stm32.12.3.rel1.win32_1.0.100.202403111256/tools/bin/../lib/gcc/arm-none-eabi/12.3.1/thumb/v7e-m+fp/hard\libgcc.a
LOAD C:/Users/pauli/Desktop/Mikrovaldikliu lab/STM32CubeIDE_1.14.1/STM32CubeIDE/plugins/com.st.stm32cube.ide.mcu.externaltools.gnu-tools-for-stm32.12.3.rel1.win32_1.0.100.202403111256/tools/bin/../lib/gcc/arm-none-eabi/12.3.1/../../../../arm-none-eabi/lib/thumb/v7e-m+fp/hard\libc_nano.a
END GROUP
START GROUP
LOAD C:/Users/pauli/Desktop/Mikrovaldikliu lab/STM32CubeIDE_1.14.1/STM32CubeIDE/plugins/com.st.stm32cube.ide.mcu.externaltools.gnu-tools-for-stm32.12.3.rel1.win32_1.0.100.202403111256/tools/bin/../lib/gcc/arm-none-eabi/12.3.1/thumb/v7e-m+fp/hard\libgcc.a
LOAD C:/Users/pauli/Desktop/Mikrovaldikliu lab/STM32CubeIDE_1.14.1/STM32CubeIDE/plugins/com.st.stm32cube.ide.mcu.externaltools.gnu-tools-for-stm32.12.3.rel1.win32_1.0.100.202403111256/tools/bin/../lib/gcc/arm-none-eabi/12.3.1/../../../../arm-none-eabi/lib/thumb/v7e-m+fp/hard\libc_nano.a
LOAD C:/Users/pauli/Desktop/Mikrovaldikliu lab/STM32CubeIDE_1.14.1/STM32CubeIDE/plugins/com.st.stm32cube.ide.mcu.externaltools.gnu-tools-for-stm32.12.3.rel1.win32_1.0.100.202403111256/tools/bin/../lib/gcc/arm-none-eabi/12.3.1/../../../../arm-none-eabi/lib/thumb/v7e-m+fp/hard\libnosys.a
END GROUP
START GROUP
LOAD C:/Users/pauli/Desktop/Mikrovaldikliu lab/STM32CubeIDE_1.14.1/STM32CubeIDE/plugins/com.st.stm32cube.ide.mcu.externaltools.gnu-tools-for-stm32.12.3.rel1.win32_1.0.100.202403111256/tools/bin/../lib/gcc/arm-none-eabi/12.3.1/thumb/v7e-m+fp/hard\libgcc.a
LOAD C:/Users/pauli/Desktop/Mikrovaldikliu lab/STM32CubeIDE_1.14.1/STM32CubeIDE/plugins/com.st.stm32cube.ide.mcu.externaltools.gnu-tools-for-stm32.12.3.rel1.win32_1.0.100.202403111256/tools/bin/../lib/gcc/arm-none-eabi/12.3.1/../../../../arm-none-eabi/lib/thumb/v7e-m+fp/hard\libc_nano.a
LOAD C:/Users/pauli/Desktop/Mikrovaldikliu lab/STM32CubeIDE_1.14.1/STM32CubeIDE/plugins/com.st.stm32cube.ide.mcu.externaltools.gnu-tools-for-stm32.12.3.rel1.win32_1.0.100.202403111256/tools/bin/../lib/gcc/arm-none-eabi/12.3.1/../../../../arm-none-eabi/lib/thumb/v7e-m+fp/hard\libnosys.a
END GROUP
LOAD C:/Users/pauli/Desktop/Mikrovaldikliu lab/STM32CubeIDE_1.14.1/STM32CubeIDE/plugins/com.st.stm32cube.ide.mcu.externaltools.gnu-tools-for-stm32.12.3.rel1.win32_1.0.100.202403111256/tools/bin/../lib/gcc/arm-none-eabi/12.3.1/thumb/v7e-m+fp/hard/crtend.o
LOAD C:/Users/pauli/Desktop/Mikrovaldikliu lab/STM32CubeIDE_1.14.1/STM32CubeIDE/plugins/com.st.stm32cube.ide.mcu.externaltools.gnu-tools-for-stm32.12.3.rel1.win32_1.0.100.202403111256/tools/bin/../lib/gcc/arm-none-eabi/12.3.1/thumb/v7e-m+fp/hard/crtn.o
                0x20020000                        _estack = (ORIGIN (RAM) + LENGTH (RAM))
                0x00000600                        _Min_Heap_Size = 0x600
                0x00000400                        _Min_Stack_Size = 0x400

.isr_vector     0x08000000      0x188
                0x08000000                        . = ALIGN (0x4)
 *(.isr_vector)
 .isr_vector    0x08000000      0x188 ./Core/Startup/startup_stm32f407vgtx.o
                0x08000000                g_pfnVectors
                0x08000188                        . = ALIGN (0x4)

.text           0x08000190     0x7f58
                0x08000190                        . = ALIGN (0x4)
 *(.text)
 .text          0x08000190       0x40 C:/Users/pauli/Desktop/Mikrovaldikliu lab/STM32CubeIDE_1.14.1/STM32CubeIDE/plugins/com.st.stm32cube.ide.mcu.externaltools.gnu-tools-for-stm32.12.3.rel1.win32_1.0.100.202403111256/tools/bin/../lib/gcc/arm-none-eabi/12.3.1/thumb/v7e-m+fp/hard/crtbegin.o
 .text          0x080001d0       0x10 C:/Users/pauli/Desktop/Mikrovaldikliu lab/STM32CubeIDE_1.14.1/STM32CubeIDE/plugins/com.st.stm32cube.ide.mcu.externaltools.gnu-tools-for-stm32.12.3.rel1.win32_1.0.100.202403111256/tools/bin/../lib/gcc/arm-none-eabi/12.3.1/../../../../arm-none-eabi/lib/thumb/v7e-m+fp/hard\libc_nano.a(libc_a-strlen.o)
                0x080001d0                strlen
 .text          0x080001e0       0xa0 C:/Users/pauli/Desktop/Mikrovaldikliu lab/STM32CubeIDE_1.14.1/STM32CubeIDE/plugins/com.st.stm32cube.ide.mcu.externaltools.gnu-tools-for-stm32.12.3.rel1.win32_1.0.100.202403111256/tools/bin/../lib/gcc/arm-none-eabi/12.3.1/../../../../arm-none-eabi/lib/thumb/v7e-m+fp/hard\libc_nano.a(libc_a-memchr.o)
                0x080001e0                memchr
 .text          0x08000280       0x30 C:/Users/pauli/Desktop/Mikrovaldikliu lab/STM32CubeIDE_1.14.1/STM32CubeIDE/plugins/com.st.stm32cube.ide.mcu.externaltools.gnu-tools-for-stm32.12.3.rel1.win32_1.0.100.202403111256/tools/bin/../lib/gcc/arm-none-eabi/12.3.1/thumb/v7e-m+fp/hard\libgcc.a(_aeabi_uldivmod.o)
                0x08000280                __aeabi_uldivmod
 .text          0x080002b0      0x2bc C:/Users/pauli/Desktop/Mikrovaldikliu lab/STM32CubeIDE_1.14.1/STM32CubeIDE/plugins/com.st.stm32cube.ide.mcu.externaltools.gnu-tools-for-stm32.12.3.rel1.win32_1.0.100.202403111256/tools/bin/../lib/gcc/arm-none-eabi/12.3.1/thumb/v7e-m+fp/hard\libgcc.a(_udivmoddi4.o)
                0x080002b0                __udivmoddi4
 .text          0x0800056c        0x4 C:/Users/pauli/Desktop/Mikrovaldikliu lab/STM32CubeIDE_1.14.1/STM32CubeIDE/plugins/com.st.stm32cube.ide.mcu.externaltools.gnu-tools-for-stm32.12.3.rel1.win32_1.0.100.202403111256/tools/bin/../lib/gcc/arm-none-eabi/12.3.1/thumb/v7e-m+fp/hard\libgcc.a(_dvmd_tls.o)
                0x0800056c                __aeabi_idiv0
                0x0800056c                __aeabi_ldiv0
 *(.text*)
 .text.readJoystickAxis
                0x08000570       0x4e ./Core/Src/main.o
                0x08000570                readJoystickAxis
 *fill*         0x080005be        0x2 
 .text.controlLEDs
                0x080005c0       0x90 ./Core/Src/main.o
                0x080005c0                controlLEDs
 .text.processJoystick
                0x08000650       0x58 ./Core/Src/main.o
                0x08000650                processJoystick
 .text.main     0x080006a8       0x90 ./Core/Src/main.o
                0x080006a8                main
 .text.SystemClock_Config
                0x08000738       0xd0 ./Core/Src/main.o
                0x08000738                SystemClock_Config
 .text.MX_ADC1_Init
                0x08000808       0xa4 ./Core/Src/main.o
 .text.MX_GPIO_Init
                0x080008ac       0xa4 ./Core/Src/main.o
 .text.Error_Handler
                0x08000950        0xc ./Core/Src/main.o
                0x08000950                Error_Handler
 .text.HAL_MspInit
                0x0800095c       0x50 ./Core/Src/stm32f4xx_hal_msp.o
                0x0800095c                HAL_MspInit
 .text.HAL_ADC_MspInit
                0x080009ac       0x88 ./Core/Src/stm32f4xx_hal_msp.o
                0x080009ac                HAL_ADC_MspInit
 .text.NMI_Handler
                0x08000a34        0x8 ./Core/Src/stm32f4xx_it.o
                0x08000a34                NMI_Handler
 .text.HardFault_Handler
                0x08000a3c        0x8 ./Core/Src/stm32f4xx_it.o
                0x08000a3c                HardFault_Handler
 .text.MemManage_Handler
                0x08000a44        0x8 ./Core/Src/stm32f4xx_it.o
                0x08000a44                MemManage_Handler
 .text.BusFault_Handler
                0x08000a4c        0x8 ./Core/Src/stm32f4xx_it.o
                0x08000a4c                BusFault_Handler
 .text.UsageFault_Handler
                0x08000a54        0x8 ./Core/Src/stm32f4xx_it.o
                0x08000a54                UsageFault_Handler
 .text.SVC_Handler
                0x08000a5c        0xe ./Core/Src/stm32f4xx_it.o
                0x08000a5c                SVC_Handler
 .text.DebugMon_Handler
                0x08000a6a        0xe ./Core/Src/stm32f4xx_it.o
                0x08000a6a                DebugMon_Handler
 .text.PendSV_Handler
                0x08000a78        0xe ./Core/Src/stm32f4xx_it.o
                0x08000a78                PendSV_Handler
 .text.SysTick_Handler
                0x08000a86        0xc ./Core/Src/stm32f4xx_it.o
                0x08000a86                SysTick_Handler
 *fill*         0x08000a92        0x2 
 .text.OTG_FS_IRQHandler
                0x08000a94       0x14 ./Core/Src/stm32f4xx_it.o
                0x08000a94                OTG_FS_IRQHandler
 .text._sbrk    0x08000aa8       0x6c ./Core/Src/sysmem.o
                0x08000aa8                _sbrk
 .text.SystemInit
                0x08000b14       0x24 ./Core/Src/system_stm32f4xx.o
                0x08000b14                SystemInit
 .text.Reset_Handler
                0x08000b38       0x50 ./Core/Startup/startup_stm32f407vgtx.o
                0x08000b38                Reset_Handler
 .text.Default_Handler
                0x08000b88        0x2 ./Core/Startup/startup_stm32f407vgtx.o
                0x08000b88                RTC_Alarm_IRQHandler
                0x08000b88                HASH_RNG_IRQHandler
                0x08000b88                EXTI2_IRQHandler
                0x08000b88                TIM8_CC_IRQHandler
                0x08000b88                TIM1_CC_IRQHandler
                0x08000b88                DMA2_Stream5_IRQHandler
                0x08000b88                DMA1_Stream5_IRQHandler
                0x08000b88                PVD_IRQHandler
                0x08000b88                SDIO_IRQHandler
                0x08000b88                TAMP_STAMP_IRQHandler
                0x08000b88                CAN2_RX1_IRQHandler
                0x08000b88                EXTI3_IRQHandler
                0x08000b88                TIM8_TRG_COM_TIM14_IRQHandler
                0x08000b88                TIM1_UP_TIM10_IRQHandler
                0x08000b88                TIM8_UP_TIM13_IRQHandler
                0x08000b88                I2C3_ER_IRQHandler
                0x08000b88                EXTI0_IRQHandler
                0x08000b88                I2C2_EV_IRQHandler
                0x08000b88                DMA1_Stream2_IRQHandler
                0x08000b88                CAN1_RX0_IRQHandler
                0x08000b88                FPU_IRQHandler
                0x08000b88                OTG_HS_WKUP_IRQHandler
                0x08000b88                CAN2_SCE_IRQHandler
                0x08000b88                DMA2_Stream2_IRQHandler
                0x08000b88                SPI1_IRQHandler
                0x08000b88                TIM6_DAC_IRQHandler
                0x08000b88                TIM1_BRK_TIM9_IRQHandler
                0x08000b88                DCMI_IRQHandler
                0x08000b88                CAN2_RX0_IRQHandler
                0x08000b88                DMA2_Stream3_IRQHandler
                0x08000b88                USART6_IRQHandler
                0x08000b88                USART3_IRQHandler
                0x08000b88                CAN1_RX1_IRQHandler
                0x08000b88                UART5_IRQHandler
                0x08000b88                DMA2_Stream0_IRQHandler
                0x08000b88                TIM4_IRQHandler
                0x08000b88                I2C1_EV_IRQHandler
                0x08000b88                DMA1_Stream6_IRQHandler
                0x08000b88                DMA1_Stream1_IRQHandler
                0x08000b88                UART4_IRQHandler
                0x08000b88                TIM3_IRQHandler
                0x08000b88                RCC_IRQHandler
                0x08000b88                TIM8_BRK_TIM12_IRQHandler
                0x08000b88                Default_Handler
                0x08000b88                EXTI15_10_IRQHandler
                0x08000b88                ADC_IRQHandler
                0x08000b88                DMA1_Stream7_IRQHandler
                0x08000b88                TIM7_IRQHandler
                0x08000b88                CAN2_TX_IRQHandler
                0x08000b88                TIM5_IRQHandler
                0x08000b88                DMA2_Stream7_IRQHandler
                0x08000b88                I2C3_EV_IRQHandler
                0x08000b88                EXTI9_5_IRQHandler
                0x08000b88                RTC_WKUP_IRQHandler
                0x08000b88                ETH_WKUP_IRQHandler
                0x08000b88                SPI2_IRQHandler
                0x08000b88                OTG_HS_EP1_IN_IRQHandler
                0x08000b88                DMA1_Stream0_IRQHandler
                0x08000b88                CAN1_TX_IRQHandler
                0x08000b88                EXTI4_IRQHandler
                0x08000b88                FSMC_IRQHandler
                0x08000b88                ETH_IRQHandler
                0x08000b88                OTG_HS_EP1_OUT_IRQHandler
                0x08000b88                WWDG_IRQHandler
                0x08000b88                TIM2_IRQHandler
                0x08000b88                OTG_FS_WKUP_IRQHandler
                0x08000b88                TIM1_TRG_COM_TIM11_IRQHandler
                0x08000b88                OTG_HS_IRQHandler
                0x08000b88                EXTI1_IRQHandler
                0x08000b88                USART2_IRQHandler
                0x08000b88                I2C2_ER_IRQHandler
                0x08000b88                DMA2_Stream1_IRQHandler
                0x08000b88                CAN1_SCE_IRQHandler
                0x08000b88                FLASH_IRQHandler
                0x08000b88                DMA2_Stream4_IRQHandler
                0x08000b88                USART1_IRQHandler
                0x08000b88                SPI3_IRQHandler
                0x08000b88                DMA1_Stream4_IRQHandler
                0x08000b88                I2C1_ER_IRQHandler
                0x08000b88                DMA2_Stream6_IRQHandler
                0x08000b88                DMA1_Stream3_IRQHandler
 *fill*         0x08000b8a        0x2 
 .text.HAL_Init
                0x08000b8c       0x44 ./Drivers/STM32F4xx_HAL_Driver/Src/stm32f4xx_hal.o
                0x08000b8c                HAL_Init
 .text.HAL_InitTick
                0x08000bd0       0x60 ./Drivers/STM32F4xx_HAL_Driver/Src/stm32f4xx_hal.o
                0x08000bd0                HAL_InitTick
 .text.HAL_IncTick
                0x08000c30       0x28 ./Drivers/STM32F4xx_HAL_Driver/Src/stm32f4xx_hal.o
                0x08000c30                HAL_IncTick
 .text.HAL_GetTick
                0x08000c58       0x18 ./Drivers/STM32F4xx_HAL_Driver/Src/stm32f4xx_hal.o
                0x08000c58                HAL_GetTick
 .text.HAL_Delay
                0x08000c70       0x48 ./Drivers/STM32F4xx_HAL_Driver/Src/stm32f4xx_hal.o
                0x08000c70                HAL_Delay
 .text.HAL_ADC_Init
                0x08000cb8       0x86 ./Drivers/STM32F4xx_HAL_Driver/Src/stm32f4xx_hal_adc.o
                0x08000cb8                HAL_ADC_Init
 *fill*         0x08000d3e        0x2 
 .text.HAL_ADC_Start
                0x08000d40      0x1a4 ./Drivers/STM32F4xx_HAL_Driver/Src/stm32f4xx_hal_adc.o
                0x08000d40                HAL_ADC_Start
 .text.HAL_ADC_PollForConversion
                0x08000ee4      0x116 ./Drivers/STM32F4xx_HAL_Driver/Src/stm32f4xx_hal_adc.o
                0x08000ee4                HAL_ADC_PollForConversion
 .text.HAL_ADC_GetValue
                0x08000ffa       0x1a ./Drivers/STM32F4xx_HAL_Driver/Src/stm32f4xx_hal_adc.o
                0x08000ffa                HAL_ADC_GetValue
 .text.HAL_ADC_ConfigChannel
                0x08001014      0x244 ./Drivers/STM32F4xx_HAL_Driver/Src/stm32f4xx_hal_adc.o
                0x08001014                HAL_ADC_ConfigChannel
 .text.ADC_Init
                0x08001258      0x1f8 ./Drivers/STM32F4xx_HAL_Driver/Src/stm32f4xx_hal_adc.o
 .text.__NVIC_SetPriorityGrouping
                0x08001450       0x48 ./Drivers/STM32F4xx_HAL_Driver/Src/stm32f4xx_hal_cortex.o
 .text.__NVIC_GetPriorityGrouping
                0x08001498       0x1c ./Drivers/STM32F4xx_HAL_Driver/Src/stm32f4xx_hal_cortex.o
 .text.__NVIC_EnableIRQ
                0x080014b4       0x3c ./Drivers/STM32F4xx_HAL_Driver/Src/stm32f4xx_hal_cortex.o
 .text.__NVIC_SetPriority
                0x080014f0       0x54 ./Drivers/STM32F4xx_HAL_Driver/Src/stm32f4xx_hal_cortex.o
 .text.NVIC_EncodePriority
                0x08001544       0x66 ./Drivers/STM32F4xx_HAL_Driver/Src/stm32f4xx_hal_cortex.o
 *fill*         0x080015aa        0x2 
 .text.SysTick_Config
                0x080015ac       0x44 ./Drivers/STM32F4xx_HAL_Driver/Src/stm32f4xx_hal_cortex.o
 .text.HAL_NVIC_SetPriorityGrouping
                0x080015f0       0x16 ./Drivers/STM32F4xx_HAL_Driver/Src/stm32f4xx_hal_cortex.o
                0x080015f0                HAL_NVIC_SetPriorityGrouping
 .text.HAL_NVIC_SetPriority
                0x08001606       0x38 ./Drivers/STM32F4xx_HAL_Driver/Src/stm32f4xx_hal_cortex.o
                0x08001606                HAL_NVIC_SetPriority
 .text.HAL_NVIC_EnableIRQ
                0x0800163e       0x1c ./Drivers/STM32F4xx_HAL_Driver/Src/stm32f4xx_hal_cortex.o
                0x0800163e                HAL_NVIC_EnableIRQ
 .text.HAL_SYSTICK_Config
                0x0800165a       0x18 ./Drivers/STM32F4xx_HAL_Driver/Src/stm32f4xx_hal_cortex.o
                0x0800165a                HAL_SYSTICK_Config
 *fill*         0x08001672        0x2 
 .text.HAL_GPIO_Init
                0x08001674      0x338 ./Drivers/STM32F4xx_HAL_Driver/Src/stm32f4xx_hal_gpio.o
                0x08001674                HAL_GPIO_Init
 .text.HAL_GPIO_WritePin
                0x080019ac       0x32 ./Drivers/STM32F4xx_HAL_Driver/Src/stm32f4xx_hal_gpio.o
                0x080019ac                HAL_GPIO_WritePin
 .text.HAL_PCD_Init
                0x080019de      0x21e ./Drivers/STM32F4xx_HAL_Driver/Src/stm32f4xx_hal_pcd.o
                0x080019de                HAL_PCD_Init
 .text.HAL_PCD_Start
                0x08001bfc       0x6a ./Drivers/STM32F4xx_HAL_Driver/Src/stm32f4xx_hal_pcd.o
                0x08001bfc                HAL_PCD_Start
 .text.HAL_PCD_IRQHandler
                0x08001c66      0x942 ./Drivers/STM32F4xx_HAL_Driver/Src/stm32f4xx_hal_pcd.o
                0x08001c66                HAL_PCD_IRQHandler
 .text.HAL_PCD_SetAddress
                0x080025a8       0x48 ./Drivers/STM32F4xx_HAL_Driver/Src/stm32f4xx_hal_pcd.o
                0x080025a8                HAL_PCD_SetAddress
 .text.HAL_PCD_EP_Open
                0x080025f0       0xd0 ./Drivers/STM32F4xx_HAL_Driver/Src/stm32f4xx_hal_pcd.o
                0x080025f0                HAL_PCD_EP_Open
 .text.HAL_PCD_EP_Close
                0x080026c0       0x94 ./Drivers/STM32F4xx_HAL_Driver/Src/stm32f4xx_hal_pcd.o
                0x080026c0                HAL_PCD_EP_Close
 .text.HAL_PCD_EP_Receive
                0x08002754       0x76 ./Drivers/STM32F4xx_HAL_Driver/Src/stm32f4xx_hal_pcd.o
                0x08002754                HAL_PCD_EP_Receive
 .text.HAL_PCD_EP_GetRxCount
                0x080027ca       0x30 ./Drivers/STM32F4xx_HAL_Driver/Src/stm32f4xx_hal_pcd.o
                0x080027ca                HAL_PCD_EP_GetRxCount
 .text.HAL_PCD_EP_Transmit
                0x080027fa       0x74 ./Drivers/STM32F4xx_HAL_Driver/Src/stm32f4xx_hal_pcd.o
                0x080027fa                HAL_PCD_EP_Transmit
 .text.HAL_PCD_EP_SetStall
                0x0800286e       0xc6 ./Drivers/STM32F4xx_HAL_Driver/Src/stm32f4xx_hal_pcd.o
                0x0800286e                HAL_PCD_EP_SetStall
 .text.HAL_PCD_EP_ClrStall
                0x08002934       0xac ./Drivers/STM32F4xx_HAL_Driver/Src/stm32f4xx_hal_pcd.o
                0x08002934                HAL_PCD_EP_ClrStall
 .text.HAL_PCD_EP_Abort
                0x080029e0       0x62 ./Drivers/STM32F4xx_HAL_Driver/Src/stm32f4xx_hal_pcd.o
                0x080029e0                HAL_PCD_EP_Abort
 .text.PCD_WriteEmptyTxFifo
                0x08002a42      0x118 ./Drivers/STM32F4xx_HAL_Driver/Src/stm32f4xx_hal_pcd.o
 *fill*         0x08002b5a        0x2 
 .text.PCD_EP_OutXfrComplete_int
                0x08002b5c      0x1d0 ./Drivers/STM32F4xx_HAL_Driver/Src/stm32f4xx_hal_pcd.o
 .text.PCD_EP_OutSetupPacket_int
                0x08002d2c       0x8c ./Drivers/STM32F4xx_HAL_Driver/Src/stm32f4xx_hal_pcd.o
 .text.HAL_PCDEx_SetTxFiFo
                0x08002db8       0x8e ./Drivers/STM32F4xx_HAL_Driver/Src/stm32f4xx_hal_pcd_ex.o
                0x08002db8                HAL_PCDEx_SetTxFiFo
 .text.HAL_PCDEx_SetRxFiFo
                0x08002e46       0x22 ./Drivers/STM32F4xx_HAL_Driver/Src/stm32f4xx_hal_pcd_ex.o
                0x08002e46                HAL_PCDEx_SetRxFiFo
 .text.HAL_PCDEx_LPM_Callback
                0x08002e68       0x18 ./Drivers/STM32F4xx_HAL_Driver/Src/stm32f4xx_hal_pcd_ex.o
                0x08002e68                HAL_PCDEx_LPM_Callback
 .text.HAL_RCC_OscConfig
                0x08002e80      0x4f0 ./Drivers/STM32F4xx_HAL_Driver/Src/stm32f4xx_hal_rcc.o
                0x08002e80                HAL_RCC_OscConfig
 .text.HAL_RCC_ClockConfig
                0x08003370      0x1cc ./Drivers/STM32F4xx_HAL_Driver/Src/stm32f4xx_hal_rcc.o
                0x08003370                HAL_RCC_ClockConfig
 .text.HAL_RCC_GetSysClockFreq
                0x0800353c      0x20c ./Drivers/STM32F4xx_HAL_Driver/Src/stm32f4xx_hal_rcc.o
                0x0800353c                HAL_RCC_GetSysClockFreq
 .text.HAL_RCC_GetHCLKFreq
                0x08003748       0x18 ./Drivers/STM32F4xx_HAL_Driver/Src/stm32f4xx_hal_rcc.o
                0x08003748                HAL_RCC_GetHCLKFreq
 .text.USB_CoreInit
                0x08003760       0xc8 ./Drivers/STM32F4xx_HAL_Driver/Src/stm32f4xx_ll_usb.o
                0x08003760                USB_CoreInit
 .text.USB_SetTurnaroundTime
                0x08003828      0x144 ./Drivers/STM32F4xx_HAL_Driver/Src/stm32f4xx_ll_usb.o
                0x08003828                USB_SetTurnaroundTime
 .text.USB_EnableGlobalInt
                0x0800396c       0x22 ./Drivers/STM32F4xx_HAL_Driver/Src/stm32f4xx_ll_usb.o
                0x0800396c                USB_EnableGlobalInt
 .text.USB_DisableGlobalInt
                0x0800398e       0x22 ./Drivers/STM32F4xx_HAL_Driver/Src/stm32f4xx_ll_usb.o
                0x0800398e                USB_DisableGlobalInt
 .text.USB_SetCurrentMode
                0x080039b0       0x98 ./Drivers/STM32F4xx_HAL_Driver/Src/stm32f4xx_ll_usb.o
                0x080039b0                USB_SetCurrentMode
 .text.USB_DevInit
                0x08003a48      0x2c8 ./Drivers/STM32F4xx_HAL_Driver/Src/stm32f4xx_ll_usb.o
                0x08003a48                USB_DevInit
 .text.USB_FlushTxFifo
                0x08003d10       0x64 ./Drivers/STM32F4xx_HAL_Driver/Src/stm32f4xx_ll_usb.o
                0x08003d10                USB_FlushTxFifo
 .text.USB_FlushRxFifo
                0x08003d74       0x5c ./Drivers/STM32F4xx_HAL_Driver/Src/stm32f4xx_ll_usb.o
                0x08003d74                USB_FlushRxFifo
 .text.USB_SetDevSpeed
                0x08003dd0       0x32 ./Drivers/STM32F4xx_HAL_Driver/Src/stm32f4xx_ll_usb.o
                0x08003dd0                USB_SetDevSpeed
 .text.USB_GetDevSpeed
                0x08003e02       0x4a ./Drivers/STM32F4xx_HAL_Driver/Src/stm32f4xx_ll_usb.o
                0x08003e02                USB_GetDevSpeed
 .text.USB_ActivateEndpoint
                0x08003e4c      0x10e ./Drivers/STM32F4xx_HAL_Driver/Src/stm32f4xx_ll_usb.o
                0x08003e4c                USB_ActivateEndpoint
 *fill*         0x08003f5a        0x2 
 .text.USB_DeactivateEndpoint
                0x08003f5c      0x1b8 ./Drivers/STM32F4xx_HAL_Driver/Src/stm32f4xx_ll_usb.o
                0x08003f5c                USB_DeactivateEndpoint
 .text.USB_EPStartXfer
                0x08004114      0x530 ./Drivers/STM32F4xx_HAL_Driver/Src/stm32f4xx_ll_usb.o
                0x08004114                USB_EPStartXfer
 .text.USB_EPStopXfer
                0x08004644      0x154 ./Drivers/STM32F4xx_HAL_Driver/Src/stm32f4xx_ll_usb.o
                0x08004644                USB_EPStopXfer
 .text.USB_WritePacket
                0x08004798       0x7c ./Drivers/STM32F4xx_HAL_Driver/Src/stm32f4xx_ll_usb.o
                0x08004798                USB_WritePacket
 .text.USB_ReadPacket
                0x08004814       0xb0 ./Drivers/STM32F4xx_HAL_Driver/Src/stm32f4xx_ll_usb.o
                0x08004814                USB_ReadPacket
 .text.USB_EPSetStall
                0x080048c4       0xdc ./Drivers/STM32F4xx_HAL_Driver/Src/stm32f4xx_ll_usb.o
                0x080048c4                USB_EPSetStall
 .text.USB_EPClearStall
                0x080049a0       0xcc ./Drivers/STM32F4xx_HAL_Driver/Src/stm32f4xx_ll_usb.o
                0x080049a0                USB_EPClearStall
 .text.USB_SetDevAddress
                0x08004a6c       0x4c ./Drivers/STM32F4xx_HAL_Driver/Src/stm32f4xx_ll_usb.o
                0x08004a6c                USB_SetDevAddress
 .text.USB_DevConnect
                0x08004ab8       0x42 ./Drivers/STM32F4xx_HAL_Driver/Src/stm32f4xx_ll_usb.o
                0x08004ab8                USB_DevConnect
 .text.USB_DevDisconnect
                0x08004afa       0x42 ./Drivers/STM32F4xx_HAL_Driver/Src/stm32f4xx_ll_usb.o
                0x08004afa                USB_DevDisconnect
 .text.USB_ReadInterrupts
                0x08004b3c       0x26 ./Drivers/STM32F4xx_HAL_Driver/Src/stm32f4xx_ll_usb.o
                0x08004b3c                USB_ReadInterrupts
 .text.USB_ReadDevAllOutEpInterrupt
                0x08004b62       0x34 ./Drivers/STM32F4xx_HAL_Driver/Src/stm32f4xx_ll_usb.o
                0x08004b62                USB_ReadDevAllOutEpInterrupt
 .text.USB_ReadDevAllInEpInterrupt
                0x08004b96       0x34 ./Drivers/STM32F4xx_HAL_Driver/Src/stm32f4xx_ll_usb.o
                0x08004b96                USB_ReadDevAllInEpInterrupt
 .text.USB_ReadDevOutEPInterrupt
                0x08004bca       0x3c ./Drivers/STM32F4xx_HAL_Driver/Src/stm32f4xx_ll_usb.o
                0x08004bca                USB_ReadDevOutEPInterrupt
 .text.USB_ReadDevInEPInterrupt
                0x08004c06       0x5c ./Drivers/STM32F4xx_HAL_Driver/Src/stm32f4xx_ll_usb.o
                0x08004c06                USB_ReadDevInEPInterrupt
 .text.USB_GetMode
                0x08004c62       0x1c ./Drivers/STM32F4xx_HAL_Driver/Src/stm32f4xx_ll_usb.o
                0x08004c62                USB_GetMode
 .text.USB_ActivateSetup
                0x08004c7e       0x46 ./Drivers/STM32F4xx_HAL_Driver/Src/stm32f4xx_ll_usb.o
                0x08004c7e                USB_ActivateSetup
 .text.USB_EP0_OutStart
                0x08004cc4       0xbc ./Drivers/STM32F4xx_HAL_Driver/Src/stm32f4xx_ll_usb.o
                0x08004cc4                USB_EP0_OutStart
 .text.USB_CoreReset
                0x08004d80       0x62 ./Drivers/STM32F4xx_HAL_Driver/Src/stm32f4xx_ll_usb.o
 *fill*         0x08004de2        0x2 
 .text.USBD_CDC_Init
                0x08004de4      0x1f0 ./Middlewares/ST/STM32_USB_Device_Library/Class/CDC/Src/usbd_cdc.o
 .text.USBD_CDC_DeInit
                0x08004fd4      0x104 ./Middlewares/ST/STM32_USB_Device_Library/Class/CDC/Src/usbd_cdc.o
 .text.USBD_CDC_Setup
                0x080050d8      0x1b8 ./Middlewares/ST/STM32_USB_Device_Library/Class/CDC/Src/usbd_cdc.o
 .text.USBD_CDC_DataIn
                0x08005290       0xfe ./Middlewares/ST/STM32_USB_Device_Library/Class/CDC/Src/usbd_cdc.o
 .text.USBD_CDC_DataOut
                0x0800538e       0x70 ./Middlewares/ST/STM32_USB_Device_Library/Class/CDC/Src/usbd_cdc.o
 .text.USBD_CDC_EP0_RxReady
                0x080053fe       0x74 ./Middlewares/ST/STM32_USB_Device_Library/Class/CDC/Src/usbd_cdc.o
 *fill*         0x08005472        0x2 
 .text.USBD_CDC_GetFSCfgDesc
                0x08005474       0x70 ./Middlewares/ST/STM32_USB_Device_Library/Class/CDC/Src/usbd_cdc.o
 .text.USBD_CDC_GetHSCfgDesc
                0x080054e4       0x70 ./Middlewares/ST/STM32_USB_Device_Library/Class/CDC/Src/usbd_cdc.o
 .text.USBD_CDC_GetOtherSpeedCfgDesc
                0x08005554       0x70 ./Middlewares/ST/STM32_USB_Device_Library/Class/CDC/Src/usbd_cdc.o
 .text.USBD_CDC_GetDeviceQualifierDescriptor
                0x080055c4       0x20 ./Middlewares/ST/STM32_USB_Device_Library/Class/CDC/Src/usbd_cdc.o
                0x080055c4                USBD_CDC_GetDeviceQualifierDescriptor
 .text.USBD_CDC_RegisterInterface
                0x080055e4       0x34 ./Middlewares/ST/STM32_USB_Device_Library/Class/CDC/Src/usbd_cdc.o
                0x080055e4                USBD_CDC_RegisterInterface
 .text.USBD_CDC_SetTxBuffer
                0x08005618       0x44 ./Middlewares/ST/STM32_USB_Device_Library/Class/CDC/Src/usbd_cdc.o
                0x08005618                USBD_CDC_SetTxBuffer
 .text.USBD_CDC_SetRxBuffer
                0x0800565c       0x3a ./Middlewares/ST/STM32_USB_Device_Library/Class/CDC/Src/usbd_cdc.o
                0x0800565c                USBD_CDC_SetRxBuffer
 *fill*         0x08005696        0x2 
 .text.USBD_CDC_TransmitPacket
                0x08005698       0x80 ./Middlewares/ST/STM32_USB_Device_Library/Class/CDC/Src/usbd_cdc.o
                0x08005698                USBD_CDC_TransmitPacket
 .text.USBD_CDC_ReceivePacket
                0x08005718       0x6c ./Middlewares/ST/STM32_USB_Device_Library/Class/CDC/Src/usbd_cdc.o
                0x08005718                USBD_CDC_ReceivePacket
 .text.USBD_Init
                0x08005784       0x60 ./Middlewares/ST/STM32_USB_Device_Library/Core/Src/usbd_core.o
                0x08005784                USBD_Init
 .text.USBD_RegisterClass
                0x080057e4       0x6c ./Middlewares/ST/STM32_USB_Device_Library/Core/Src/usbd_core.o
                0x080057e4                USBD_RegisterClass
 .text.USBD_Start
                0x08005850       0x18 ./Middlewares/ST/STM32_USB_Device_Library/Core/Src/usbd_core.o
                0x08005850                USBD_Start
 .text.USBD_RunTestMode
                0x08005868       0x16 ./Middlewares/ST/STM32_USB_Device_Library/Core/Src/usbd_core.o
                0x08005868                USBD_RunTestMode
 .text.USBD_SetClassConfig
                0x0800587e       0x38 ./Middlewares/ST/STM32_USB_Device_Library/Core/Src/usbd_core.o
                0x0800587e                USBD_SetClassConfig
 .text.USBD_ClrClassConfig
                0x080058b6       0x34 ./Middlewares/ST/STM32_USB_Device_Library/Core/Src/usbd_core.o
                0x080058b6                USBD_ClrClassConfig
 .text.USBD_LL_SetupStage
                0x080058ea       0xaa ./Middlewares/ST/STM32_USB_Device_Library/Core/Src/usbd_core.o
                0x080058ea                USBD_LL_SetupStage
 .text.USBD_LL_DataOutStage
                0x08005994      0x166 ./Middlewares/ST/STM32_USB_Device_Library/Core/Src/usbd_core.o
                0x08005994                USBD_LL_DataOutStage
 .text.USBD_LL_DataInStage
                0x08005afa      0x164 ./Middlewares/ST/STM32_USB_Device_Library/Core/Src/usbd_core.o
                0x08005afa                USBD_LL_DataInStage
 .text.USBD_LL_Reset
                0x08005c5e       0xa4 ./Middlewares/ST/STM32_USB_Device_Library/Core/Src/usbd_core.o
                0x08005c5e                USBD_LL_Reset
 .text.USBD_LL_SetSpeed
                0x08005d02       0x20 ./Middlewares/ST/STM32_USB_Device_Library/Core/Src/usbd_core.o
                0x08005d02                USBD_LL_SetSpeed
 .text.USBD_LL_Suspend
                0x08005d22       0x38 ./Middlewares/ST/STM32_USB_Device_Library/Core/Src/usbd_core.o
                0x08005d22                USBD_LL_Suspend
 .text.USBD_LL_Resume
                0x08005d5a       0x30 ./Middlewares/ST/STM32_USB_Device_Library/Core/Src/usbd_core.o
                0x08005d5a                USBD_LL_Resume
 .text.USBD_LL_SOF
                0x08005d8a       0x40 ./Middlewares/ST/STM32_USB_Device_Library/Core/Src/usbd_core.o
                0x08005d8a                USBD_LL_SOF
 .text.USBD_LL_IsoINIncomplete
                0x08005dca       0x64 ./Middlewares/ST/STM32_USB_Device_Library/Core/Src/usbd_core.o
                0x08005dca                USBD_LL_IsoINIncomplete
 .text.USBD_LL_IsoOUTIncomplete
                0x08005e2e       0x64 ./Middlewares/ST/STM32_USB_Device_Library/Core/Src/usbd_core.o
                0x08005e2e                USBD_LL_IsoOUTIncomplete
 .text.USBD_LL_DevConnected
                0x08005e92       0x16 ./Middlewares/ST/STM32_USB_Device_Library/Core/Src/usbd_core.o
                0x08005e92                USBD_LL_DevConnected
 .text.USBD_LL_DevDisconnected
                0x08005ea8       0x46 ./Middlewares/ST/STM32_USB_Device_Library/Core/Src/usbd_core.o
                0x08005ea8                USBD_LL_DevDisconnected
 .text.USBD_CoreFindIF
                0x08005eee       0x1a ./Middlewares/ST/STM32_USB_Device_Library/Core/Src/usbd_core.o
                0x08005eee                USBD_CoreFindIF
 .text.USBD_CoreFindEP
                0x08005f08       0x1a ./Middlewares/ST/STM32_USB_Device_Library/Core/Src/usbd_core.o
                0x08005f08                USBD_CoreFindEP
 .text.USBD_GetEpDesc
                0x08005f22       0x70 ./Middlewares/ST/STM32_USB_Device_Library/Core/Src/usbd_core.o
                0x08005f22                USBD_GetEpDesc
 .text.USBD_GetNextDesc
                0x08005f92       0x38 ./Middlewares/ST/STM32_USB_Device_Library/Core/Src/usbd_core.o
                0x08005f92                USBD_GetNextDesc
 .text.SWAPBYTE
                0x08005fca       0x3c ./Middlewares/ST/STM32_USB_Device_Library/Core/Src/usbd_ctlreq.o
 *fill*         0x08006006        0x2 
 .text.USBD_StdDevReq
                0x08006008       0xe4 ./Middlewares/ST/STM32_USB_Device_Library/Core/Src/usbd_ctlreq.o
                0x08006008                USBD_StdDevReq
 .text.USBD_StdItfReq
                0x080060ec       0xd8 ./Middlewares/ST/STM32_USB_Device_Library/Core/Src/usbd_ctlreq.o
                0x080060ec                USBD_StdItfReq
 .text.USBD_StdEPReq
                0x080061c4      0x33a ./Middlewares/ST/STM32_USB_Device_Library/Core/Src/usbd_ctlreq.o
                0x080061c4                USBD_StdEPReq
 *fill*         0x080064fe        0x2 
 .text.USBD_GetDescriptor
                0x08006500      0x2d4 ./Middlewares/ST/STM32_USB_Device_Library/Core/Src/usbd_ctlreq.o
 .text.USBD_SetAddress
                0x080067d4       0x88 ./Middlewares/ST/STM32_USB_Device_Library/Core/Src/usbd_ctlreq.o
 .text.USBD_SetConfig
                0x0800685c      0x154 ./Middlewares/ST/STM32_USB_Device_Library/Core/Src/usbd_ctlreq.o
 .text.USBD_GetConfig
                0x080069b0       0x6c ./Middlewares/ST/STM32_USB_Device_Library/Core/Src/usbd_ctlreq.o
 .text.USBD_GetStatus
                0x08006a1c       0x68 ./Middlewares/ST/STM32_USB_Device_Library/Core/Src/usbd_ctlreq.o
 .text.USBD_SetFeature
                0x08006a84       0x52 ./Middlewares/ST/STM32_USB_Device_Library/Core/Src/usbd_ctlreq.o
 .text.USBD_ClrFeature
                0x08006ad6       0x44 ./Middlewares/ST/STM32_USB_Device_Library/Core/Src/usbd_ctlreq.o
 .text.USBD_ParseSetupRequest
                0x08006b1a       0x74 ./Middlewares/ST/STM32_USB_Device_Library/Core/Src/usbd_ctlreq.o
                0x08006b1a                USBD_ParseSetupRequest
 .text.USBD_CtlError
                0x08006b8e       0x22 ./Middlewares/ST/STM32_USB_Device_Library/Core/Src/usbd_ctlreq.o
                0x08006b8e                USBD_CtlError
 .text.USBD_GetString
                0x08006bb0       0x8c ./Middlewares/ST/STM32_USB_Device_Library/Core/Src/usbd_ctlreq.o
                0x08006bb0                USBD_GetString
 .text.USBD_GetLen
                0x08006c3c       0x34 ./Middlewares/ST/STM32_USB_Device_Library/Core/Src/usbd_ctlreq.o
 .text.USBD_CtlSendData
                0x08006c70       0x36 ./Middlewares/ST/STM32_USB_Device_Library/Core/Src/usbd_ioreq.o
                0x08006c70                USBD_CtlSendData
 .text.USBD_CtlContinueSendData
                0x08006ca6       0x22 ./Middlewares/ST/STM32_USB_Device_Library/Core/Src/usbd_ioreq.o
                0x08006ca6                USBD_CtlContinueSendData
 .text.USBD_CtlPrepareRx
                0x08006cc8       0x3a ./Middlewares/ST/STM32_USB_Device_Library/Core/Src/usbd_ioreq.o
                0x08006cc8                USBD_CtlPrepareRx
 .text.USBD_CtlContinueRx
                0x08006d02       0x22 ./Middlewares/ST/STM32_USB_Device_Library/Core/Src/usbd_ioreq.o
                0x08006d02                USBD_CtlContinueRx
 .text.USBD_CtlSendStatus
                0x08006d24       0x26 ./Middlewares/ST/STM32_USB_Device_Library/Core/Src/usbd_ioreq.o
                0x08006d24                USBD_CtlSendStatus
 .text.USBD_CtlReceiveStatus
                0x08006d4a       0x26 ./Middlewares/ST/STM32_USB_Device_Library/Core/Src/usbd_ioreq.o
                0x08006d4a                USBD_CtlReceiveStatus
 .text.MX_USB_DEVICE_Init
                0x08006d70       0x60 ./USB_DEVICE/App/usb_device.o
                0x08006d70                MX_USB_DEVICE_Init
 .text.CDC_Init_FS
                0x08006dd0       0x28 ./USB_DEVICE/App/usbd_cdc_if.o
 .text.CDC_DeInit_FS
                0x08006df8       0x10 ./USB_DEVICE/App/usbd_cdc_if.o
 .text.CDC_Control_FS
                0x08006e08       0xbc ./USB_DEVICE/App/usbd_cdc_if.o
 .text.CDC_Receive_FS
                0x08006ec4       0x34 ./USB_DEVICE/App/usbd_cdc_if.o
 .text.CDC_Transmit_FS
                0x08006ef8       0x4c ./USB_DEVICE/App/usbd_cdc_if.o
                0x08006ef8                CDC_Transmit_FS
 .text.CDC_TransmitCplt_FS
                0x08006f44       0x22 ./USB_DEVICE/App/usbd_cdc_if.o
 *fill*         0x08006f66        0x2 
 .text.USBD_FS_DeviceDescriptor
                0x08006f68       0x24 ./USB_DEVICE/App/usbd_desc.o
                0x08006f68                USBD_FS_DeviceDescriptor
 .text.USBD_FS_LangIDStrDescriptor
                0x08006f8c       0x24 ./USB_DEVICE/App/usbd_desc.o
                0x08006f8c                USBD_FS_LangIDStrDescriptor
 .text.USBD_FS_ProductStrDescriptor
                0x08006fb0       0x3c ./USB_DEVICE/App/usbd_desc.o
                0x08006fb0                USBD_FS_ProductStrDescriptor
 .text.USBD_FS_ManufacturerStrDescriptor
                0x08006fec       0x28 ./USB_DEVICE/App/usbd_desc.o
                0x08006fec                USBD_FS_ManufacturerStrDescriptor
 .text.USBD_FS_SerialStrDescriptor
                0x08007014       0x24 ./USB_DEVICE/App/usbd_desc.o
                0x08007014                USBD_FS_SerialStrDescriptor
 .text.USBD_FS_ConfigStrDescriptor
                0x08007038       0x3c ./USB_DEVICE/App/usbd_desc.o
                0x08007038                USBD_FS_ConfigStrDescriptor
 .text.USBD_FS_InterfaceStrDescriptor
                0x08007074       0x3c ./USB_DEVICE/App/usbd_desc.o
                0x08007074                USBD_FS_InterfaceStrDescriptor
 .text.Get_SerialNum
                0x080070b0       0x38 ./USB_DEVICE/App/usbd_desc.o
 .text.IntToUnicode
                0x080070e8       0x7e ./USB_DEVICE/App/usbd_desc.o
 *fill*         0x08007166        0x2 
 .text.HAL_PCD_MspInit
                0x08007168       0xa8 ./USB_DEVICE/Target/usbd_conf.o
                0x08007168                HAL_PCD_MspInit
 .text.HAL_PCD_SetupStageCallback
                0x08007210       0x24 ./USB_DEVICE/Target/usbd_conf.o
                0x08007210                HAL_PCD_SetupStageCallback
 .text.HAL_PCD_DataOutStageCallback
                0x08007234       0x36 ./USB_DEVICE/Target/usbd_conf.o
                0x08007234                HAL_PCD_DataOutStageCallback
 .text.HAL_PCD_DataInStageCallback
                0x0800726a       0x34 ./USB_DEVICE/Target/usbd_conf.o
                0x0800726a                HAL_PCD_DataInStageCallback
 .text.HAL_PCD_SOFCallback
                0x0800729e       0x1c ./USB_DEVICE/Target/usbd_conf.o
                0x0800729e                HAL_PCD_SOFCallback
 .text.HAL_PCD_ResetCallback
                0x080072ba       0x50 ./USB_DEVICE/Target/usbd_conf.o
                0x080072ba                HAL_PCD_ResetCallback
 *fill*         0x0800730a        0x2 
 .text.HAL_PCD_SuspendCallback
                0x0800730c       0x4c ./USB_DEVICE/Target/usbd_conf.o
                0x0800730c                HAL_PCD_SuspendCallback
 .text.HAL_PCD_ResumeCallback
                0x08007358       0x1c ./USB_DEVICE/Target/usbd_conf.o
                0x08007358                HAL_PCD_ResumeCallback
 .text.HAL_PCD_ISOOUTIncompleteCallback
                0x08007374       0x24 ./USB_DEVICE/Target/usbd_conf.o
                0x08007374                HAL_PCD_ISOOUTIncompleteCallback
 .text.HAL_PCD_ISOINIncompleteCallback
                0x08007398       0x24 ./USB_DEVICE/Target/usbd_conf.o
                0x08007398                HAL_PCD_ISOINIncompleteCallback
 .text.HAL_PCD_ConnectCallback
                0x080073bc       0x1c ./USB_DEVICE/Target/usbd_conf.o
                0x080073bc                HAL_PCD_ConnectCallback
 .text.HAL_PCD_DisconnectCallback
                0x080073d8       0x1c ./USB_DEVICE/Target/usbd_conf.o
                0x080073d8                HAL_PCD_DisconnectCallback
 .text.USBD_LL_Init
                0x080073f4       0x98 ./USB_DEVICE/Target/usbd_conf.o
                0x080073f4                USBD_LL_Init
 .text.USBD_LL_Start
                0x0800748c       0x36 ./USB_DEVICE/Target/usbd_conf.o
                0x0800748c                USBD_LL_Start
 .text.USBD_LL_OpenEP
                0x080074c2       0x4c ./USB_DEVICE/Target/usbd_conf.o
                0x080074c2                USBD_LL_OpenEP
 .text.USBD_LL_CloseEP
                0x0800750e       0x3e ./USB_DEVICE/Target/usbd_conf.o
                0x0800750e                USBD_LL_CloseEP
 .text.USBD_LL_StallEP
                0x0800754c       0x3e ./USB_DEVICE/Target/usbd_conf.o
                0x0800754c                USBD_LL_StallEP
 .text.USBD_LL_ClearStallEP
                0x0800758a       0x3e ./USB_DEVICE/Target/usbd_conf.o
                0x0800758a                USBD_LL_ClearStallEP
 .text.USBD_LL_IsStallEP
                0x080075c8       0x58 ./USB_DEVICE/Target/usbd_conf.o
                0x080075c8                USBD_LL_IsStallEP
 .text.USBD_LL_SetUSBAddress
                0x08007620       0x3e ./USB_DEVICE/Target/usbd_conf.o
                0x08007620                USBD_LL_SetUSBAddress
 .text.USBD_LL_Transmit
                0x0800765e       0x42 ./USB_DEVICE/Target/usbd_conf.o
                0x0800765e                USBD_LL_Transmit
 .text.USBD_LL_PrepareReceive
                0x080076a0       0x42 ./USB_DEVICE/Target/usbd_conf.o
                0x080076a0                USBD_LL_PrepareReceive
 .text.USBD_LL_GetRxDataSize
                0x080076e2       0x26 ./USB_DEVICE/Target/usbd_conf.o
                0x080076e2                USBD_LL_GetRxDataSize
 .text.USBD_static_malloc
                0x08007708       0x1c ./USB_DEVICE/Target/usbd_conf.o
                0x08007708                USBD_static_malloc
 .text.USBD_static_free
                0x08007724       0x14 ./USB_DEVICE/Target/usbd_conf.o
                0x08007724                USBD_static_free
 .text.USBD_Get_USB_Status
                0x08007738       0x58 ./USB_DEVICE/Target/usbd_conf.o
                0x08007738                USBD_Get_USB_Status
 .text.sprintf  0x08007790       0x40 C:/Users/pauli/Desktop/Mikrovaldikliu lab/STM32CubeIDE_1.14.1/STM32CubeIDE/plugins/com.st.stm32cube.ide.mcu.externaltools.gnu-tools-for-stm32.12.3.rel1.win32_1.0.100.202403111256/tools/bin/../lib/gcc/arm-none-eabi/12.3.1/../../../../arm-none-eabi/lib/thumb/v7e-m+fp/hard\libc_nano.a(libc_a-sprintf.o)
                0x08007790                siprintf
                0x08007790                sprintf
 .text.memset   0x080077d0       0x10 C:/Users/pauli/Desktop/Mikrovaldikliu lab/STM32CubeIDE_1.14.1/STM32CubeIDE/plugins/com.st.stm32cube.ide.mcu.externaltools.gnu-tools-for-stm32.12.3.rel1.win32_1.0.100.202403111256/tools/bin/../lib/gcc/arm-none-eabi/12.3.1/../../../../arm-none-eabi/lib/thumb/v7e-m+fp/hard\libc_nano.a(libc_a-memset.o)
                0x080077d0                memset
 .text.__errno  0x080077e0        0xc C:/Users/pauli/Desktop/Mikrovaldikliu lab/STM32CubeIDE_1.14.1/STM32CubeIDE/plugins/com.st.stm32cube.ide.mcu.externaltools.gnu-tools-for-stm32.12.3.rel1.win32_1.0.100.202403111256/tools/bin/../lib/gcc/arm-none-eabi/12.3.1/../../../../arm-none-eabi/lib/thumb/v7e-m+fp/hard\libc_nano.a(libc_a-errno.o)
                0x080077e0                __errno
 .text.__libc_init_array
                0x080077ec       0x48 C:/Users/pauli/Desktop/Mikrovaldikliu lab/STM32CubeIDE_1.14.1/STM32CubeIDE/plugins/com.st.stm32cube.ide.mcu.externaltools.gnu-tools-for-stm32.12.3.rel1.win32_1.0.100.202403111256/tools/bin/../lib/gcc/arm-none-eabi/12.3.1/../../../../arm-none-eabi/lib/thumb/v7e-m+fp/hard\libc_nano.a(libc_a-init.o)
                0x080077ec                __libc_init_array
 .text.__retarget_lock_acquire_recursive
                0x08007834        0x2 C:/Users/pauli/Desktop/Mikrovaldikliu lab/STM32CubeIDE_1.14.1/STM32CubeIDE/plugins/com.st.stm32cube.ide.mcu.externaltools.gnu-tools-for-stm32.12.3.rel1.win32_1.0.100.202403111256/tools/bin/../lib/gcc/arm-none-eabi/12.3.1/../../../../arm-none-eabi/lib/thumb/v7e-m+fp/hard\libc_nano.a(libc_a-lock.o)
                0x08007834                __retarget_lock_acquire_recursive
 .text.__retarget_lock_release_recursive
                0x08007836        0x2 C:/Users/pauli/Desktop/Mikrovaldikliu lab/STM32CubeIDE_1.14.1/STM32CubeIDE/plugins/com.st.stm32cube.ide.mcu.externaltools.gnu-tools-for-stm32.12.3.rel1.win32_1.0.100.202403111256/tools/bin/../lib/gcc/arm-none-eabi/12.3.1/../../../../arm-none-eabi/lib/thumb/v7e-m+fp/hard\libc_nano.a(libc_a-lock.o)
                0x08007836                __retarget_lock_release_recursive
 .text._free_r  0x08007838       0x94 C:/Users/pauli/Desktop/Mikrovaldikliu lab/STM32CubeIDE_1.14.1/STM32CubeIDE/plugins/com.st.stm32cube.ide.mcu.externaltools.gnu-tools-for-stm32.12.3.rel1.win32_1.0.100.202403111256/tools/bin/../lib/gcc/arm-none-eabi/12.3.1/../../../../arm-none-eabi/lib/thumb/v7e-m+fp/hard\libc_nano.a(libc_a-freer.o)
                0x08007838                _free_r
 .text.sbrk_aligned
                0x080078cc       0x44 C:/Users/pauli/Desktop/Mikrovaldikliu lab/STM32CubeIDE_1.14.1/STM32CubeIDE/plugins/com.st.stm32cube.ide.mcu.externaltools.gnu-tools-for-stm32.12.3.rel1.win32_1.0.100.202403111256/tools/bin/../lib/gcc/arm-none-eabi/12.3.1/../../../../arm-none-eabi/lib/thumb/v7e-m+fp/hard\libc_nano.a(libc_a-mallocr.o)
 .text._malloc_r
                0x08007910      0x100 C:/Users/pauli/Desktop/Mikrovaldikliu lab/STM32CubeIDE_1.14.1/STM32CubeIDE/plugins/com.st.stm32cube.ide.mcu.externaltools.gnu-tools-for-stm32.12.3.rel1.win32_1.0.100.202403111256/tools/bin/../lib/gcc/arm-none-eabi/12.3.1/../../../../arm-none-eabi/lib/thumb/v7e-m+fp/hard\libc_nano.a(libc_a-mallocr.o)
                0x08007910                _malloc_r
 .text.__malloc_lock
                0x08007a10        0xc C:/Users/pauli/Desktop/Mikrovaldikliu lab/STM32CubeIDE_1.14.1/STM32CubeIDE/plugins/com.st.stm32cube.ide.mcu.externaltools.gnu-tools-for-stm32.12.3.rel1.win32_1.0.100.202403111256/tools/bin/../lib/gcc/arm-none-eabi/12.3.1/../../../../arm-none-eabi/lib/thumb/v7e-m+fp/hard\libc_nano.a(libc_a-mlock.o)
                0x08007a10                __malloc_lock
 .text.__malloc_unlock
                0x08007a1c        0xc C:/Users/pauli/Desktop/Mikrovaldikliu lab/STM32CubeIDE_1.14.1/STM32CubeIDE/plugins/com.st.stm32cube.ide.mcu.externaltools.gnu-tools-for-stm32.12.3.rel1.win32_1.0.100.202403111256/tools/bin/../lib/gcc/arm-none-eabi/12.3.1/../../../../arm-none-eabi/lib/thumb/v7e-m+fp/hard\libc_nano.a(libc_a-mlock.o)
                0x08007a1c                __malloc_unlock
 .text.__ssputs_r
                0x08007a28       0xb6 C:/Users/pauli/Desktop/Mikrovaldikliu lab/STM32CubeIDE_1.14.1/STM32CubeIDE/plugins/com.st.stm32cube.ide.mcu.externaltools.gnu-tools-for-stm32.12.3.rel1.win32_1.0.100.202403111256/tools/bin/../lib/gcc/arm-none-eabi/12.3.1/../../../../arm-none-eabi/lib/thumb/v7e-m+fp/hard\libc_nano.a(libc_a-nano-svfprintf.o)
                0x08007a28                __ssputs_r
 *fill*         0x08007ade        0x2 
 .text._svfprintf_r
                0x08007ae0      0x1f8 C:/Users/pauli/Desktop/Mikrovaldikliu lab/STM32CubeIDE_1.14.1/STM32CubeIDE/plugins/com.st.stm32cube.ide.mcu.externaltools.gnu-tools-for-stm32.12.3.rel1.win32_1.0.100.202403111256/tools/bin/../lib/gcc/arm-none-eabi/12.3.1/../../../../arm-none-eabi/lib/thumb/v7e-m+fp/hard\libc_nano.a(libc_a-nano-svfprintf.o)
                0x08007ae0                _svfiprintf_r
                0x08007ae0                _svfprintf_r
 .text._printf_common
                0x08007cd8       0xda C:/Users/pauli/Desktop/Mikrovaldikliu lab/STM32CubeIDE_1.14.1/STM32CubeIDE/plugins/com.st.stm32cube.ide.mcu.externaltools.gnu-tools-for-stm32.12.3.rel1.win32_1.0.100.202403111256/tools/bin/../lib/gcc/arm-none-eabi/12.3.1/../../../../arm-none-eabi/lib/thumb/v7e-m+fp/hard\libc_nano.a(libc_a-nano-vfprintf_i.o)
                0x08007cd8                _printf_common
 *fill*         0x08007db2        0x2 
 .text._printf_i
                0x08007db4      0x240 C:/Users/pauli/Desktop/Mikrovaldikliu lab/STM32CubeIDE_1.14.1/STM32CubeIDE/plugins/com.st.stm32cube.ide.mcu.externaltools.gnu-tools-for-stm32.12.3.rel1.win32_1.0.100.202403111256/tools/bin/../lib/gcc/arm-none-eabi/12.3.1/../../../../arm-none-eabi/lib/thumb/v7e-m+fp/hard\libc_nano.a(libc_a-nano-vfprintf_i.o)
                0x08007db4                _printf_i
 .text.memmove  0x08007ff4       0x34 C:/Users/pauli/Desktop/Mikrovaldikliu lab/STM32CubeIDE_1.14.1/STM32CubeIDE/plugins/com.st.stm32cube.ide.mcu.externaltools.gnu-tools-for-stm32.12.3.rel1.win32_1.0.100.202403111256/tools/bin/../lib/gcc/arm-none-eabi/12.3.1/../../../../arm-none-eabi/lib/thumb/v7e-m+fp/hard\libc_nano.a(libc_a-memmove.o)
                0x08007ff4                memmove
 .text._sbrk_r  0x08008028       0x20 C:/Users/pauli/Desktop/Mikrovaldikliu lab/STM32CubeIDE_1.14.1/STM32CubeIDE/plugins/com.st.stm32cube.ide.mcu.externaltools.gnu-tools-for-stm32.12.3.rel1.win32_1.0.100.202403111256/tools/bin/../lib/gcc/arm-none-eabi/12.3.1/../../../../arm-none-eabi/lib/thumb/v7e-m+fp/hard\libc_nano.a(libc_a-sbrkr.o)
                0x08008028                _sbrk_r
 .text.memcpy   0x08008048       0x1c C:/Users/pauli/Desktop/Mikrovaldikliu lab/STM32CubeIDE_1.14.1/STM32CubeIDE/plugins/com.st.stm32cube.ide.mcu.externaltools.gnu-tools-for-stm32.12.3.rel1.win32_1.0.100.202403111256/tools/bin/../lib/gcc/arm-none-eabi/12.3.1/../../../../arm-none-eabi/lib/thumb/v7e-m+fp/hard\libc_nano.a(libc_a-memcpy-stub.o)
                0x08008048                memcpy
 .text._realloc_r
                0x08008064       0x5c C:/Users/pauli/Desktop/Mikrovaldikliu lab/STM32CubeIDE_1.14.1/STM32CubeIDE/plugins/com.st.stm32cube.ide.mcu.externaltools.gnu-tools-for-stm32.12.3.rel1.win32_1.0.100.202403111256/tools/bin/../lib/gcc/arm-none-eabi/12.3.1/../../../../arm-none-eabi/lib/thumb/v7e-m+fp/hard\libc_nano.a(libc_a-reallocr.o)
                0x08008064                _realloc_r
 .text._malloc_usable_size_r
                0x080080c0       0x10 C:/Users/pauli/Desktop/Mikrovaldikliu lab/STM32CubeIDE_1.14.1/STM32CubeIDE/plugins/com.st.stm32cube.ide.mcu.externaltools.gnu-tools-for-stm32.12.3.rel1.win32_1.0.100.202403111256/tools/bin/../lib/gcc/arm-none-eabi/12.3.1/../../../../arm-none-eabi/lib/thumb/v7e-m+fp/hard\libc_nano.a(libc_a-msizer.o)
                0x080080c0                _malloc_usable_size_r
 *(.glue_7)
 .glue_7        0x080080d0        0x0 linker stubs
 *(.glue_7t)
 .glue_7t       0x080080d0        0x0 linker stubs
 *(.eh_frame)
 .eh_frame      0x080080d0        0x0 C:/Users/pauli/Desktop/Mikrovaldikliu lab/STM32CubeIDE_1.14.1/STM32CubeIDE/plugins/com.st.stm32cube.ide.mcu.externaltools.gnu-tools-for-stm32.12.3.rel1.win32_1.0.100.202403111256/tools/bin/../lib/gcc/arm-none-eabi/12.3.1/thumb/v7e-m+fp/hard/crtbegin.o
 *(.init)
 .init          0x080080d0        0x4 C:/Users/pauli/Desktop/Mikrovaldikliu lab/STM32CubeIDE_1.14.1/STM32CubeIDE/plugins/com.st.stm32cube.ide.mcu.externaltools.gnu-tools-for-stm32.12.3.rel1.win32_1.0.100.202403111256/tools/bin/../lib/gcc/arm-none-eabi/12.3.1/thumb/v7e-m+fp/hard/crti.o
                0x080080d0                _init
 .init          0x080080d4        0x8 C:/Users/pauli/Desktop/Mikrovaldikliu lab/STM32CubeIDE_1.14.1/STM32CubeIDE/plugins/com.st.stm32cube.ide.mcu.externaltools.gnu-tools-for-stm32.12.3.rel1.win32_1.0.100.202403111256/tools/bin/../lib/gcc/arm-none-eabi/12.3.1/thumb/v7e-m+fp/hard/crtn.o
 *(.fini)
 .fini          0x080080dc        0x4 C:/Users/pauli/Desktop/Mikrovaldikliu lab/STM32CubeIDE_1.14.1/STM32CubeIDE/plugins/com.st.stm32cube.ide.mcu.externaltools.gnu-tools-for-stm32.12.3.rel1.win32_1.0.100.202403111256/tools/bin/../lib/gcc/arm-none-eabi/12.3.1/thumb/v7e-m+fp/hard/crti.o
                0x080080dc                _fini
 .fini          0x080080e0        0x8 C:/Users/pauli/Desktop/Mikrovaldikliu lab/STM32CubeIDE_1.14.1/STM32CubeIDE/plugins/com.st.stm32cube.ide.mcu.externaltools.gnu-tools-for-stm32.12.3.rel1.win32_1.0.100.202403111256/tools/bin/../lib/gcc/arm-none-eabi/12.3.1/thumb/v7e-m+fp/hard/crtn.o
                0x080080e8                        . = ALIGN (0x4)
                0x080080e8                        _etext = .

.vfp11_veneer   0x080080e8        0x0
 .vfp11_veneer  0x080080e8        0x0 linker stubs

.v4_bx          0x080080e8        0x0
 .v4_bx         0x080080e8        0x0 linker stubs

.iplt           0x080080e8        0x0
 .iplt          0x080080e8        0x0 C:/Users/pauli/Desktop/Mikrovaldikliu lab/STM32CubeIDE_1.14.1/STM32CubeIDE/plugins/com.st.stm32cube.ide.mcu.externaltools.gnu-tools-for-stm32.12.3.rel1.win32_1.0.100.202403111256/tools/bin/../lib/gcc/arm-none-eabi/12.3.1/thumb/v7e-m+fp/hard/crtbegin.o

.rodata         0x080080e8       0xbc
                0x080080e8                        . = ALIGN (0x4)
 *(.rodata)
 .rodata        0x080080e8       0x30 ./Core/Src/main.o
 .rodata        0x08008118       0x46 ./USB_DEVICE/App/usbd_desc.o
 *(.rodata*)
 *fill*         0x0800815e        0x2 
 .rodata.AHBPrescTable
                0x08008160       0x10 ./Core/Src/system_stm32f4xx.o
                0x08008160                AHBPrescTable
 .rodata._svfprintf_r.str1.1
                0x08008170       0x11 C:/Users/pauli/Desktop/Mikrovaldikliu lab/STM32CubeIDE_1.14.1/STM32CubeIDE/plugins/com.st.stm32cube.ide.mcu.externaltools.gnu-tools-for-stm32.12.3.rel1.win32_1.0.100.202403111256/tools/bin/../lib/gcc/arm-none-eabi/12.3.1/../../../../arm-none-eabi/lib/thumb/v7e-m+fp/hard\libc_nano.a(libc_a-nano-svfprintf.o)
 .rodata._printf_i.str1.1
                0x08008181       0x22 C:/Users/pauli/Desktop/Mikrovaldikliu lab/STM32CubeIDE_1.14.1/STM32CubeIDE/plugins/com.st.stm32cube.ide.mcu.externaltools.gnu-tools-for-stm32.12.3.rel1.win32_1.0.100.202403111256/tools/bin/../lib/gcc/arm-none-eabi/12.3.1/../../../../arm-none-eabi/lib/thumb/v7e-m+fp/hard\libc_nano.a(libc_a-nano-vfprintf_i.o)
                0x080081a4                        . = ALIGN (0x4)
 *fill*         0x080081a3        0x1 

.ARM.extab      0x080081a4        0x0
                0x080081a4                        . = ALIGN (0x4)
 *(.ARM.extab* .gnu.linkonce.armextab.*)
                0x080081a4                        . = ALIGN (0x4)

.ARM            0x080081a4        0x8
                0x080081a4                        . = ALIGN (0x4)
                0x080081a4                        __exidx_start = .
 *(.ARM.exidx*)
 .ARM.exidx     0x080081a4        0x8 C:/Users/pauli/Desktop/Mikrovaldikliu lab/STM32CubeIDE_1.14.1/STM32CubeIDE/plugins/com.st.stm32cube.ide.mcu.externaltools.gnu-tools-for-stm32.12.3.rel1.win32_1.0.100.202403111256/tools/bin/../lib/gcc/arm-none-eabi/12.3.1/../../../../arm-none-eabi/lib/thumb/v7e-m+fp/hard\libc_nano.a(libc_a-strlen.o)
 .ARM.exidx     0x080081ac        0x0 C:/Users/pauli/Desktop/Mikrovaldikliu lab/STM32CubeIDE_1.14.1/STM32CubeIDE/plugins/com.st.stm32cube.ide.mcu.externaltools.gnu-tools-for-stm32.12.3.rel1.win32_1.0.100.202403111256/tools/bin/../lib/gcc/arm-none-eabi/12.3.1/../../../../arm-none-eabi/lib/thumb/v7e-m+fp/hard\libc_nano.a(libc_a-memchr.o)
                                  0x8 (size before relaxing)
 .ARM.exidx     0x080081ac        0x0 C:/Users/pauli/Desktop/Mikrovaldikliu lab/STM32CubeIDE_1.14.1/STM32CubeIDE/plugins/com.st.stm32cube.ide.mcu.externaltools.gnu-tools-for-stm32.12.3.rel1.win32_1.0.100.202403111256/tools/bin/../lib/gcc/arm-none-eabi/12.3.1/thumb/v7e-m+fp/hard\libgcc.a(_udivmoddi4.o)
                                  0x8 (size before relaxing)
                0x080081ac                        __exidx_end = .
                0x080081ac                        . = ALIGN (0x4)

.preinit_array  0x080081ac        0x0
                0x080081ac                        . = ALIGN (0x4)
                0x080081ac                        PROVIDE (__preinit_array_start = .)
 *(.preinit_array*)
                0x080081ac                        PROVIDE (__preinit_array_end = .)
                0x080081ac                        . = ALIGN (0x4)

.init_array     0x080081ac        0x4
                0x080081ac                        . = ALIGN (0x4)
                0x080081ac                        PROVIDE (__init_array_start = .)
 *(SORT_BY_NAME(.init_array.*))
 *(.init_array*)
 .init_array    0x080081ac        0x4 C:/Users/pauli/Desktop/Mikrovaldikliu lab/STM32CubeIDE_1.14.1/STM32CubeIDE/plugins/com.st.stm32cube.ide.mcu.externaltools.gnu-tools-for-stm32.12.3.rel1.win32_1.0.100.202403111256/tools/bin/../lib/gcc/arm-none-eabi/12.3.1/thumb/v7e-m+fp/hard/crtbegin.o
                0x080081b0                        PROVIDE (__init_array_end = .)
                0x080081b0                        . = ALIGN (0x4)

.fini_array     0x080081b0        0x4
                0x080081b0                        . = ALIGN (0x4)
                [!provide]                        PROVIDE (__fini_array_start = .)
 *(SORT_BY_NAME(.fini_array.*))
 *(.fini_array*)
 .fini_array    0x080081b0        0x4 C:/Users/pauli/Desktop/Mikrovaldikliu lab/STM32CubeIDE_1.14.1/STM32CubeIDE/plugins/com.st.stm32cube.ide.mcu.externaltools.gnu-tools-for-stm32.12.3.rel1.win32_1.0.100.202403111256/tools/bin/../lib/gcc/arm-none-eabi/12.3.1/thumb/v7e-m+fp/hard/crtbegin.o
                [!provide]                        PROVIDE (__fini_array_end = .)
                0x080081b4                        . = ALIGN (0x4)
                0x080081b4                        _sidata = LOADADDR (.data)

.rel.dyn        0x080081b4        0x0
 .rel.iplt      0x080081b4        0x0 C:/Users/pauli/Desktop/Mikrovaldikliu lab/STM32CubeIDE_1.14.1/STM32CubeIDE/plugins/com.st.stm32cube.ide.mcu.externaltools.gnu-tools-for-stm32.12.3.rel1.win32_1.0.100.202403111256/tools/bin/../lib/gcc/arm-none-eabi/12.3.1/thumb/v7e-m+fp/hard/crtbegin.o

.data           0x20000000      0x14c load address 0x080081b4
                0x20000000                        . = ALIGN (0x4)
                0x20000000                        _sdata = .
 *(.data)
 *(.data*)
 .data.SystemCoreClock
                0x20000000        0x4 ./Core/Src/system_stm32f4xx.o
                0x20000000                SystemCoreClock
 .data.uwTickPrio
                0x20000004        0x4 ./Drivers/STM32F4xx_HAL_Driver/Src/stm32f4xx_hal.o
                0x20000004                uwTickPrio
 .data.uwTickFreq
                0x20000008        0x1 ./Drivers/STM32F4xx_HAL_Driver/Src/stm32f4xx_hal.o
                0x20000008                uwTickFreq
 *fill*         0x20000009        0x3 
 .data.USBD_CDC_DeviceQualifierDesc
                0x2000000c        0xa ./Middlewares/ST/STM32_USB_Device_Library/Class/CDC/Src/usbd_cdc.o
 *fill*         0x20000016        0x2 
 .data.USBD_CDC
                0x20000018       0x38 ./Middlewares/ST/STM32_USB_Device_Library/Class/CDC/Src/usbd_cdc.o
                0x20000018                USBD_CDC
 .data.USBD_CDC_CfgDesc
                0x20000050       0x43 ./Middlewares/ST/STM32_USB_Device_Library/Class/CDC/Src/usbd_cdc.o
 .data.CDCInEpAdd
                0x20000093        0x1 ./Middlewares/ST/STM32_USB_Device_Library/Class/CDC/Src/usbd_cdc.o
 .data.CDCOutEpAdd
                0x20000094        0x1 ./Middlewares/ST/STM32_USB_Device_Library/Class/CDC/Src/usbd_cdc.o
 .data.CDCCmdEpAdd
                0x20000095        0x1 ./Middlewares/ST/STM32_USB_Device_Library/Class/CDC/Src/usbd_cdc.o
 *fill*         0x20000096        0x2 
 .data.USBD_Interface_fops_FS
                0x20000098       0x14 ./USB_DEVICE/App/usbd_cdc_if.o
                0x20000098                USBD_Interface_fops_FS
 .data.FS_Desc  0x200000ac       0x1c ./USB_DEVICE/App/usbd_desc.o
                0x200000ac                FS_Desc
 .data.USBD_FS_DeviceDesc
                0x200000c8       0x12 ./USB_DEVICE/App/usbd_desc.o
                0x200000c8                USBD_FS_DeviceDesc
 *fill*         0x200000da        0x2 
 .data.USBD_LangIDDesc
                0x200000dc        0x4 ./USB_DEVICE/App/usbd_desc.o
                0x200000dc                USBD_LangIDDesc
 .data.USBD_StringSerial
                0x200000e0       0x1a ./USB_DEVICE/App/usbd_desc.o
                0x200000e0                USBD_StringSerial
 *fill*         0x200000fa        0x2 
 .data._impure_ptr
                0x200000fc        0x4 C:/Users/pauli/Desktop/Mikrovaldikliu lab/STM32CubeIDE_1.14.1/STM32CubeIDE/plugins/com.st.stm32cube.ide.mcu.externaltools.gnu-tools-for-stm32.12.3.rel1.win32_1.0.100.202403111256/tools/bin/../lib/gcc/arm-none-eabi/12.3.1/../../../../arm-none-eabi/lib/thumb/v7e-m+fp/hard\libc_nano.a(libc_a-impure.o)
                0x200000fc                _impure_ptr
 .data._impure_data
                0x20000100       0x4c C:/Users/pauli/Desktop/Mikrovaldikliu lab/STM32CubeIDE_1.14.1/STM32CubeIDE/plugins/com.st.stm32cube.ide.mcu.externaltools.gnu-tools-for-stm32.12.3.rel1.win32_1.0.100.202403111256/tools/bin/../lib/gcc/arm-none-eabi/12.3.1/../../../../arm-none-eabi/lib/thumb/v7e-m+fp/hard\libc_nano.a(libc_a-impure.o)
                0x20000100                _impure_data
 *(.RamFunc)
 *(.RamFunc*)
                0x2000014c                        . = ALIGN (0x4)
                0x2000014c                        _edata = .
                0x08008300                        _siccmram = LOADADDR (.ccmram)

.igot.plt       0x2000014c        0x0 load address 0x08008300
 .igot.plt      0x2000014c        0x0 C:/Users/pauli/Desktop/Mikrovaldikliu lab/STM32CubeIDE_1.14.1/STM32CubeIDE/plugins/com.st.stm32cube.ide.mcu.externaltools.gnu-tools-for-stm32.12.3.rel1.win32_1.0.100.202403111256/tools/bin/../lib/gcc/arm-none-eabi/12.3.1/thumb/v7e-m+fp/hard/crtbegin.o

.ccmram         0x10000000        0x0 load address 0x08008300
                0x10000000                        . = ALIGN (0x4)
                0x10000000                        _sccmram = .
 *(.ccmram)
 *(.ccmram*)
                0x10000000                        . = ALIGN (0x4)
                0x10000000                        _eccmram = .
                0x10000000                        . = ALIGN (0x4)

.bss            0x2000014c     0x1d98
                0x2000014c                        _sbss = .
                0x2000014c                        __bss_start__ = _sbss
 *(.bss)
 .bss           0x2000014c       0x1c C:/Users/pauli/Desktop/Mikrovaldikliu lab/STM32CubeIDE_1.14.1/STM32CubeIDE/plugins/com.st.stm32cube.ide.mcu.externaltools.gnu-tools-for-stm32.12.3.rel1.win32_1.0.100.202403111256/tools/bin/../lib/gcc/arm-none-eabi/12.3.1/thumb/v7e-m+fp/hard/crtbegin.o
 *(.bss*)
 .bss.hadc1     0x20000168       0x48 ./Core/Src/main.o
                0x20000168                hadc1
 .bss.__sbrk_heap_end
                0x200001b0        0x4 ./Core/Src/sysmem.o
 .bss.uwTick    0x200001b4        0x4 ./Drivers/STM32F4xx_HAL_Driver/Src/stm32f4xx_hal.o
                0x200001b4                uwTick
 .bss.cfgidx.0  0x200001b8        0x1 ./Middlewares/ST/STM32_USB_Device_Library/Core/Src/usbd_ctlreq.o
 *fill*         0x200001b9        0x3 
 .bss.hUsbDeviceFS
                0x200001bc      0x2dc ./USB_DEVICE/App/usb_device.o
                0x200001bc                hUsbDeviceFS
 .bss.UserRxBufferFS
                0x20000498      0x800 ./USB_DEVICE/App/usbd_cdc_if.o
                0x20000498                UserRxBufferFS
 .bss.UserTxBufferFS
                0x20000c98      0x800 ./USB_DEVICE/App/usbd_cdc_if.o
                0x20000c98                UserTxBufferFS
 .bss.USBD_StrDesc
                0x20001498      0x200 ./USB_DEVICE/App/usbd_desc.o
                0x20001498                USBD_StrDesc
 .bss.hpcd_USB_OTG_FS
                0x20001698      0x4e4 ./USB_DEVICE/Target/usbd_conf.o
                0x20001698                hpcd_USB_OTG_FS
 .bss.mem.0     0x20001b7c      0x220 ./USB_DEVICE/Target/usbd_conf.o
 .bss.__sf      0x20001d9c      0x138 C:/Users/pauli/Desktop/Mikrovaldikliu lab/STM32CubeIDE_1.14.1/STM32CubeIDE/plugins/com.st.stm32cube.ide.mcu.externaltools.gnu-tools-for-stm32.12.3.rel1.win32_1.0.100.202403111256/tools/bin/../lib/gcc/arm-none-eabi/12.3.1/../../../../arm-none-eabi/lib/thumb/v7e-m+fp/hard\libc_nano.a(libc_a-findfp.o)
                0x20001d9c                __sf
 .bss.errno     0x20001ed4        0x4 C:/Users/pauli/Desktop/Mikrovaldikliu lab/STM32CubeIDE_1.14.1/STM32CubeIDE/plugins/com.st.stm32cube.ide.mcu.externaltools.gnu-tools-for-stm32.12.3.rel1.win32_1.0.100.202403111256/tools/bin/../lib/gcc/arm-none-eabi/12.3.1/../../../../arm-none-eabi/lib/thumb/v7e-m+fp/hard\libc_nano.a(libc_a-reent.o)
                0x20001ed4                errno
 .bss.__lock___malloc_recursive_mutex
                0x20001ed8        0x1 C:/Users/pauli/Desktop/Mikrovaldikliu lab/STM32CubeIDE_1.14.1/STM32CubeIDE/plugins/com.st.stm32cube.ide.mcu.externaltools.gnu-tools-for-stm32.12.3.rel1.win32_1.0.100.202403111256/tools/bin/../lib/gcc/arm-none-eabi/12.3.1/../../../../arm-none-eabi/lib/thumb/v7e-m+fp/hard\libc_nano.a(libc_a-lock.o)
                0x20001ed8                __lock___malloc_recursive_mutex
 *fill*         0x20001ed9        0x3 
 .bss.__malloc_sbrk_start
                0x20001edc        0x4 C:/Users/pauli/Desktop/Mikrovaldikliu lab/STM32CubeIDE_1.14.1/STM32CubeIDE/plugins/com.st.stm32cube.ide.mcu.externaltools.gnu-tools-for-stm32.12.3.rel1.win32_1.0.100.202403111256/tools/bin/../lib/gcc/arm-none-eabi/12.3.1/../../../../arm-none-eabi/lib/thumb/v7e-m+fp/hard\libc_nano.a(libc_a-mallocr.o)
                0x20001edc                __malloc_sbrk_start
 .bss.__malloc_free_list
                0x20001ee0        0x4 C:/Users/pauli/Desktop/Mikrovaldikliu lab/STM32CubeIDE_1.14.1/STM32CubeIDE/plugins/com.st.stm32cube.ide.mcu.externaltools.gnu-tools-for-stm32.12.3.rel1.win32_1.0.100.202403111256/tools/bin/../lib/gcc/arm-none-eabi/12.3.1/../../../../arm-none-eabi/lib/thumb/v7e-m+fp/hard\libc_nano.a(libc_a-mallocr.o)
                0x20001ee0                __malloc_free_list
 *(COMMON)
                0x20001ee4                        . = ALIGN (0x4)
                0x20001ee4                        _ebss = .
                0x20001ee4                        __bss_end__ = _ebss

._user_heap_stack
                0x20001ee4      0xa04
                0x20001ee8                        . = ALIGN (0x8)
 *fill*         0x20001ee4        0x4 
                [!provide]                        PROVIDE (end = .)
                0x20001ee8                        PROVIDE (_end = .)
                0x200024e8                        . = (. + _Min_Heap_Size)
 *fill*         0x20001ee8      0x600 
                0x200028e8                        . = (. + _Min_Stack_Size)
 *fill*         0x200024e8      0x400 
                0x200028e8                        . = ALIGN (0x8)

/DISCARD/
 libc.a(*)
 libm.a(*)
 libgcc.a(*)

.ARM.attributes
                0x00000000       0x30
 *(.ARM.attributes)
 .ARM.attributes
                0x00000000       0x22 C:/Users/pauli/Desktop/Mikrovaldikliu lab/STM32CubeIDE_1.14.1/STM32CubeIDE/plugins/com.st.stm32cube.ide.mcu.externaltools.gnu-tools-for-stm32.12.3.rel1.win32_1.0.100.202403111256/tools/bin/../lib/gcc/arm-none-eabi/12.3.1/thumb/v7e-m+fp/hard/crti.o
 .ARM.attributes
                0x00000022       0x34 C:/Users/pauli/Desktop/Mikrovaldikliu lab/STM32CubeIDE_1.14.1/STM32CubeIDE/plugins/com.st.stm32cube.ide.mcu.externaltools.gnu-tools-for-stm32.12.3.rel1.win32_1.0.100.202403111256/tools/bin/../lib/gcc/arm-none-eabi/12.3.1/thumb/v7e-m+fp/hard/crtbegin.o
 .ARM.attributes
                0x00000056       0x34 ./Core/Src/main.o
 .ARM.attributes
                0x0000008a       0x34 ./Core/Src/stm32f4xx_hal_msp.o
 .ARM.attributes
                0x000000be       0x34 ./Core/Src/stm32f4xx_it.o
 .ARM.attributes
                0x000000f2       0x34 ./Core/Src/sysmem.o
 .ARM.attributes
                0x00000126       0x34 ./Core/Src/system_stm32f4xx.o
 .ARM.attributes
                0x0000015a       0x21 ./Core/Startup/startup_stm32f407vgtx.o
 .ARM.attributes
                0x0000017b       0x34 ./Drivers/STM32F4xx_HAL_Driver/Src/stm32f4xx_hal.o
 .ARM.attributes
                0x000001af       0x34 ./Drivers/STM32F4xx_HAL_Driver/Src/stm32f4xx_hal_adc.o
 .ARM.attributes
                0x000001e3       0x34 ./Drivers/STM32F4xx_HAL_Driver/Src/stm32f4xx_hal_cortex.o
 .ARM.attributes
                0x00000217       0x34 ./Drivers/STM32F4xx_HAL_Driver/Src/stm32f4xx_hal_gpio.o
 .ARM.attributes
                0x0000024b       0x34 ./Drivers/STM32F4xx_HAL_Driver/Src/stm32f4xx_hal_pcd.o
 .ARM.attributes
                0x0000027f       0x34 ./Drivers/STM32F4xx_HAL_Driver/Src/stm32f4xx_hal_pcd_ex.o
 .ARM.attributes
                0x000002b3       0x34 ./Drivers/STM32F4xx_HAL_Driver/Src/stm32f4xx_hal_rcc.o
 .ARM.attributes
                0x000002e7       0x34 ./Drivers/STM32F4xx_HAL_Driver/Src/stm32f4xx_ll_usb.o
 .ARM.attributes
                0x0000031b       0x34 ./Middlewares/ST/STM32_USB_Device_Library/Class/CDC/Src/usbd_cdc.o
 .ARM.attributes
                0x0000034f       0x34 ./Middlewares/ST/STM32_USB_Device_Library/Core/Src/usbd_core.o
 .ARM.attributes
                0x00000383       0x34 ./Middlewares/ST/STM32_USB_Device_Library/Core/Src/usbd_ctlreq.o
 .ARM.attributes
                0x000003b7       0x34 ./Middlewares/ST/STM32_USB_Device_Library/Core/Src/usbd_ioreq.o
 .ARM.attributes
                0x000003eb       0x34 ./USB_DEVICE/App/usb_device.o
 .ARM.attributes
                0x0000041f       0x34 ./USB_DEVICE/App/usbd_cdc_if.o
 .ARM.attributes
                0x00000453       0x34 ./USB_DEVICE/App/usbd_desc.o
 .ARM.attributes
                0x00000487       0x34 ./USB_DEVICE/Target/usbd_conf.o
 .ARM.attributes
                0x000004bb       0x34 C:/Users/pauli/Desktop/Mikrovaldikliu lab/STM32CubeIDE_1.14.1/STM32CubeIDE/plugins/com.st.stm32cube.ide.mcu.externaltools.gnu-tools-for-stm32.12.3.rel1.win32_1.0.100.202403111256/tools/bin/../lib/gcc/arm-none-eabi/12.3.1/../../../../arm-none-eabi/lib/thumb/v7e-m+fp/hard\libc_nano.a(libc_a-findfp.o)
 .ARM.attributes
                0x000004ef       0x34 C:/Users/pauli/Desktop/Mikrovaldikliu lab/STM32CubeIDE_1.14.1/STM32CubeIDE/plugins/com.st.stm32cube.ide.mcu.externaltools.gnu-tools-for-stm32.12.3.rel1.win32_1.0.100.202403111256/tools/bin/../lib/gcc/arm-none-eabi/12.3.1/../../../../arm-none-eabi/lib/thumb/v7e-m+fp/hard\libc_nano.a(libc_a-sprintf.o)
 .ARM.attributes
                0x00000523       0x34 C:/Users/pauli/Desktop/Mikrovaldikliu lab/STM32CubeIDE_1.14.1/STM32CubeIDE/plugins/com.st.stm32cube.ide.mcu.externaltools.gnu-tools-for-stm32.12.3.rel1.win32_1.0.100.202403111256/tools/bin/../lib/gcc/arm-none-eabi/12.3.1/../../../../arm-none-eabi/lib/thumb/v7e-m+fp/hard\libc_nano.a(libc_a-memset.o)
 .ARM.attributes
                0x00000557       0x34 C:/Users/pauli/Desktop/Mikrovaldikliu lab/STM32CubeIDE_1.14.1/STM32CubeIDE/plugins/com.st.stm32cube.ide.mcu.externaltools.gnu-tools-for-stm32.12.3.rel1.win32_1.0.100.202403111256/tools/bin/../lib/gcc/arm-none-eabi/12.3.1/../../../../arm-none-eabi/lib/thumb/v7e-m+fp/hard\libc_nano.a(libc_a-reent.o)
 .ARM.attributes
                0x0000058b       0x34 C:/Users/pauli/Desktop/Mikrovaldikliu lab/STM32CubeIDE_1.14.1/STM32CubeIDE/plugins/com.st.stm32cube.ide.mcu.externaltools.gnu-tools-for-stm32.12.3.rel1.win32_1.0.100.202403111256/tools/bin/../lib/gcc/arm-none-eabi/12.3.1/../../../../arm-none-eabi/lib/thumb/v7e-m+fp/hard\libc_nano.a(libc_a-impure.o)
 .ARM.attributes
                0x000005bf       0x34 C:/Users/pauli/Desktop/Mikrovaldikliu lab/STM32CubeIDE_1.14.1/STM32CubeIDE/plugins/com.st.stm32cube.ide.mcu.externaltools.gnu-tools-for-stm32.12.3.rel1.win32_1.0.100.202403111256/tools/bin/../lib/gcc/arm-none-eabi/12.3.1/../../../../arm-none-eabi/lib/thumb/v7e-m+fp/hard\libc_nano.a(libc_a-errno.o)
 .ARM.attributes
                0x000005f3       0x34 C:/Users/pauli/Desktop/Mikrovaldikliu lab/STM32CubeIDE_1.14.1/STM32CubeIDE/plugins/com.st.stm32cube.ide.mcu.externaltools.gnu-tools-for-stm32.12.3.rel1.win32_1.0.100.202403111256/tools/bin/../lib/gcc/arm-none-eabi/12.3.1/../../../../arm-none-eabi/lib/thumb/v7e-m+fp/hard\libc_nano.a(libc_a-init.o)
 .ARM.attributes
                0x00000627       0x34 C:/Users/pauli/Desktop/Mikrovaldikliu lab/STM32CubeIDE_1.14.1/STM32CubeIDE/plugins/com.st.stm32cube.ide.mcu.externaltools.gnu-tools-for-stm32.12.3.rel1.win32_1.0.100.202403111256/tools/bin/../lib/gcc/arm-none-eabi/12.3.1/../../../../arm-none-eabi/lib/thumb/v7e-m+fp/hard\libc_nano.a(libc_a-lock.o)
 .ARM.attributes
                0x0000065b       0x17 C:/Users/pauli/Desktop/Mikrovaldikliu lab/STM32CubeIDE_1.14.1/STM32CubeIDE/plugins/com.st.stm32cube.ide.mcu.externaltools.gnu-tools-for-stm32.12.3.rel1.win32_1.0.100.202403111256/tools/bin/../lib/gcc/arm-none-eabi/12.3.1/../../../../arm-none-eabi/lib/thumb/v7e-m+fp/hard\libc_nano.a(libc_a-strlen.o)
 .ARM.attributes
                0x00000672       0x34 C:/Users/pauli/Desktop/Mikrovaldikliu lab/STM32CubeIDE_1.14.1/STM32CubeIDE/plugins/com.st.stm32cube.ide.mcu.externaltools.gnu-tools-for-stm32.12.3.rel1.win32_1.0.100.202403111256/tools/bin/../lib/gcc/arm-none-eabi/12.3.1/../../../../arm-none-eabi/lib/thumb/v7e-m+fp/hard\libc_nano.a(libc_a-freer.o)
 .ARM.attributes
                0x000006a6       0x34 C:/Users/pauli/Desktop/Mikrovaldikliu lab/STM32CubeIDE_1.14.1/STM32CubeIDE/plugins/com.st.stm32cube.ide.mcu.externaltools.gnu-tools-for-stm32.12.3.rel1.win32_1.0.100.202403111256/tools/bin/../lib/gcc/arm-none-eabi/12.3.1/../../../../arm-none-eabi/lib/thumb/v7e-m+fp/hard\libc_nano.a(libc_a-mallocr.o)
 .ARM.attributes
                0x000006da       0x34 C:/Users/pauli/Desktop/Mikrovaldikliu lab/STM32CubeIDE_1.14.1/STM32CubeIDE/plugins/com.st.stm32cube.ide.mcu.externaltools.gnu-tools-for-stm32.12.3.rel1.win32_1.0.100.202403111256/tools/bin/../lib/gcc/arm-none-eabi/12.3.1/../../../../arm-none-eabi/lib/thumb/v7e-m+fp/hard\libc_nano.a(libc_a-mlock.o)
 .ARM.attributes
                0x0000070e       0x34 C:/Users/pauli/Desktop/Mikrovaldikliu lab/STM32CubeIDE_1.14.1/STM32CubeIDE/plugins/com.st.stm32cube.ide.mcu.externaltools.gnu-tools-for-stm32.12.3.rel1.win32_1.0.100.202403111256/tools/bin/../lib/gcc/arm-none-eabi/12.3.1/../../../../arm-none-eabi/lib/thumb/v7e-m+fp/hard\libc_nano.a(libc_a-nano-svfprintf.o)
 .ARM.attributes
                0x00000742       0x34 C:/Users/pauli/Desktop/Mikrovaldikliu lab/STM32CubeIDE_1.14.1/STM32CubeIDE/plugins/com.st.stm32cube.ide.mcu.externaltools.gnu-tools-for-stm32.12.3.rel1.win32_1.0.100.202403111256/tools/bin/../lib/gcc/arm-none-eabi/12.3.1/../../../../arm-none-eabi/lib/thumb/v7e-m+fp/hard\libc_nano.a(libc_a-nano-vfprintf_i.o)
 .ARM.attributes
                0x00000776       0x34 C:/Users/pauli/Desktop/Mikrovaldikliu lab/STM32CubeIDE_1.14.1/STM32CubeIDE/plugins/com.st.stm32cube.ide.mcu.externaltools.gnu-tools-for-stm32.12.3.rel1.win32_1.0.100.202403111256/tools/bin/../lib/gcc/arm-none-eabi/12.3.1/../../../../arm-none-eabi/lib/thumb/v7e-m+fp/hard\libc_nano.a(libc_a-memmove.o)
 .ARM.attributes
                0x000007aa       0x34 C:/Users/pauli/Desktop/Mikrovaldikliu lab/STM32CubeIDE_1.14.1/STM32CubeIDE/plugins/com.st.stm32cube.ide.mcu.externaltools.gnu-tools-for-stm32.12.3.rel1.win32_1.0.100.202403111256/tools/bin/../lib/gcc/arm-none-eabi/12.3.1/../../../../arm-none-eabi/lib/thumb/v7e-m+fp/hard\libc_nano.a(libc_a-sbrkr.o)
 .ARM.attributes
                0x000007de       0x1c C:/Users/pauli/Desktop/Mikrovaldikliu lab/STM32CubeIDE_1.14.1/STM32CubeIDE/plugins/com.st.stm32cube.ide.mcu.externaltools.gnu-tools-for-stm32.12.3.rel1.win32_1.0.100.202403111256/tools/bin/../lib/gcc/arm-none-eabi/12.3.1/../../../../arm-none-eabi/lib/thumb/v7e-m+fp/hard\libc_nano.a(libc_a-memchr.o)
 .ARM.attributes
                0x000007fa       0x34 C:/Users/pauli/Desktop/Mikrovaldikliu lab/STM32CubeIDE_1.14.1/STM32CubeIDE/plugins/com.st.stm32cube.ide.mcu.externaltools.gnu-tools-for-stm32.12.3.rel1.win32_1.0.100.202403111256/tools/bin/../lib/gcc/arm-none-eabi/12.3.1/../../../../arm-none-eabi/lib/thumb/v7e-m+fp/hard\libc_nano.a(libc_a-memcpy-stub.o)
 .ARM.attributes
                0x0000082e       0x34 C:/Users/pauli/Desktop/Mikrovaldikliu lab/STM32CubeIDE_1.14.1/STM32CubeIDE/plugins/com.st.stm32cube.ide.mcu.externaltools.gnu-tools-for-stm32.12.3.rel1.win32_1.0.100.202403111256/tools/bin/../lib/gcc/arm-none-eabi/12.3.1/../../../../arm-none-eabi/lib/thumb/v7e-m+fp/hard\libc_nano.a(libc_a-reallocr.o)
 .ARM.attributes
                0x00000862       0x34 C:/Users/pauli/Desktop/Mikrovaldikliu lab/STM32CubeIDE_1.14.1/STM32CubeIDE/plugins/com.st.stm32cube.ide.mcu.externaltools.gnu-tools-for-stm32.12.3.rel1.win32_1.0.100.202403111256/tools/bin/../lib/gcc/arm-none-eabi/12.3.1/../../../../arm-none-eabi/lib/thumb/v7e-m+fp/hard\libc_nano.a(libc_a-msizer.o)
 .ARM.attributes
                0x00000896       0x22 C:/Users/pauli/Desktop/Mikrovaldikliu lab/STM32CubeIDE_1.14.1/STM32CubeIDE/plugins/com.st.stm32cube.ide.mcu.externaltools.gnu-tools-for-stm32.12.3.rel1.win32_1.0.100.202403111256/tools/bin/../lib/gcc/arm-none-eabi/12.3.1/thumb/v7e-m+fp/hard\libgcc.a(_aeabi_uldivmod.o)
 .ARM.attributes
                0x000008b8       0x34 C:/Users/pauli/Desktop/Mikrovaldikliu lab/STM32CubeIDE_1.14.1/STM32CubeIDE/plugins/com.st.stm32cube.ide.mcu.externaltools.gnu-tools-for-stm32.12.3.rel1.win32_1.0.100.202403111256/tools/bin/../lib/gcc/arm-none-eabi/12.3.1/thumb/v7e-m+fp/hard\libgcc.a(_udivmoddi4.o)
 .ARM.attributes
                0x000008ec       0x22 C:/Users/pauli/Desktop/Mikrovaldikliu lab/STM32CubeIDE_1.14.1/STM32CubeIDE/plugins/com.st.stm32cube.ide.mcu.externaltools.gnu-tools-for-stm32.12.3.rel1.win32_1.0.100.202403111256/tools/bin/../lib/gcc/arm-none-eabi/12.3.1/thumb/v7e-m+fp/hard\libgcc.a(_dvmd_tls.o)
 .ARM.attributes
                0x0000090e       0x22 C:/Users/pauli/Desktop/Mikrovaldikliu lab/STM32CubeIDE_1.14.1/STM32CubeIDE/plugins/com.st.stm32cube.ide.mcu.externaltools.gnu-tools-for-stm32.12.3.rel1.win32_1.0.100.202403111256/tools/bin/../lib/gcc/arm-none-eabi/12.3.1/thumb/v7e-m+fp/hard/crtn.o
OUTPUT(Papildoma1.elf elf32-littlearm)
LOAD linker stubs
LOAD C:/Users/pauli/Desktop/Mikrovaldikliu lab/STM32CubeIDE_1.14.1/STM32CubeIDE/plugins/com.st.stm32cube.ide.mcu.externaltools.gnu-tools-for-stm32.12.3.rel1.win32_1.0.100.202403111256/tools/bin/../lib/gcc/arm-none-eabi/12.3.1/../../../../arm-none-eabi/lib/thumb/v7e-m+fp/hard\libc.a
LOAD C:/Users/pauli/Desktop/Mikrovaldikliu lab/STM32CubeIDE_1.14.1/STM32CubeIDE/plugins/com.st.stm32cube.ide.mcu.externaltools.gnu-tools-for-stm32.12.3.rel1.win32_1.0.100.202403111256/tools/bin/../lib/gcc/arm-none-eabi/12.3.1/../../../../arm-none-eabi/lib/thumb/v7e-m+fp/hard\libm.a
LOAD C:/Users/pauli/Desktop/Mikrovaldikliu lab/STM32CubeIDE_1.14.1/STM32CubeIDE/plugins/com.st.stm32cube.ide.mcu.externaltools.gnu-tools-for-stm32.12.3.rel1.win32_1.0.100.202403111256/tools/bin/../lib/gcc/arm-none-eabi/12.3.1/thumb/v7e-m+fp/hard\libgcc.a

.debug_info     0x00000000     0xf09a
 .debug_info    0x00000000      0xe64 ./Core/Src/main.o
 .debug_info    0x00000e64      0x8ff ./Core/Src/stm32f4xx_hal_msp.o
 .debug_info    0x00001763      0x627 ./Core/Src/stm32f4xx_it.o
 .debug_info    0x00001d8a      0x168 ./Core/Src/sysmem.o
 .debug_info    0x00001ef2      0x512 ./Core/Src/system_stm32f4xx.o
 .debug_info    0x00002404       0x30 ./Core/Startup/startup_stm32f407vgtx.o
 .debug_info    0x00002434      0x944 ./Drivers/STM32F4xx_HAL_Driver/Src/stm32f4xx_hal.o
 .debug_info    0x00002d78      0xcd4 ./Drivers/STM32F4xx_HAL_Driver/Src/stm32f4xx_hal_adc.o
 .debug_info    0x00003a4c      0xd57 ./Drivers/STM32F4xx_HAL_Driver/Src/stm32f4xx_hal_cortex.o
 .debug_info    0x000047a3      0x6c3 ./Drivers/STM32F4xx_HAL_Driver/Src/stm32f4xx_hal_gpio.o
 .debug_info    0x00004e66     0x156f ./Drivers/STM32F4xx_HAL_Driver/Src/stm32f4xx_hal_pcd.o
 .debug_info    0x000063d5      0x6ea ./Drivers/STM32F4xx_HAL_Driver/Src/stm32f4xx_hal_pcd_ex.o
 .debug_info    0x00006abf      0x8b1 ./Drivers/STM32F4xx_HAL_Driver/Src/stm32f4xx_hal_rcc.o
 .debug_info    0x00007370     0x1993 ./Drivers/STM32F4xx_HAL_Driver/Src/stm32f4xx_ll_usb.o
 .debug_info    0x00008d03     0x12a3 ./Middlewares/ST/STM32_USB_Device_Library/Class/CDC/Src/usbd_cdc.o
 .debug_info    0x00009fa6      0xe05 ./Middlewares/ST/STM32_USB_Device_Library/Core/Src/usbd_core.o
 .debug_info    0x0000adab      0xade ./Middlewares/ST/STM32_USB_Device_Library/Core/Src/usbd_ctlreq.o
 .debug_info    0x0000b889      0x755 ./Middlewares/ST/STM32_USB_Device_Library/Core/Src/usbd_ioreq.o
 .debug_info    0x0000bfde      0x701 ./USB_DEVICE/App/usb_device.o
 .debug_info    0x0000c6df      0x8fa ./USB_DEVICE/App/usbd_cdc_if.o
 .debug_info    0x0000cfd9      0x458 ./USB_DEVICE/App/usbd_desc.o
 .debug_info    0x0000d431     0x1c69 ./USB_DEVICE/Target/usbd_conf.o

.debug_abbrev   0x00000000     0x2e3d
 .debug_abbrev  0x00000000      0x2de ./Core/Src/main.o
 .debug_abbrev  0x000002de      0x1ba ./Core/Src/stm32f4xx_hal_msp.o
 .debug_abbrev  0x00000498      0x1a4 ./Core/Src/stm32f4xx_it.o
 .debug_abbrev  0x0000063c       0xbc ./Core/Src/sysmem.o
 .debug_abbrev  0x000006f8      0x11a ./Core/Src/system_stm32f4xx.o
 .debug_abbrev  0x00000812       0x24 ./Core/Startup/startup_stm32f407vgtx.o
 .debug_abbrev  0x00000836      0x214 ./Drivers/STM32F4xx_HAL_Driver/Src/stm32f4xx_hal.o
 .debug_abbrev  0x00000a4a      0x252 ./Drivers/STM32F4xx_HAL_Driver/Src/stm32f4xx_hal_adc.o
 .debug_abbrev  0x00000c9c      0x328 ./Drivers/STM32F4xx_HAL_Driver/Src/stm32f4xx_hal_cortex.o
 .debug_abbrev  0x00000fc4      0x1d4 ./Drivers/STM32F4xx_HAL_Driver/Src/stm32f4xx_hal_gpio.o
 .debug_abbrev  0x00001198      0x2b9 ./Drivers/STM32F4xx_HAL_Driver/Src/stm32f4xx_hal_pcd.o
 .debug_abbrev  0x00001451      0x1da ./Drivers/STM32F4xx_HAL_Driver/Src/stm32f4xx_hal_pcd_ex.o
 .debug_abbrev  0x0000162b      0x2b6 ./Drivers/STM32F4xx_HAL_Driver/Src/stm32f4xx_hal_rcc.o
 .debug_abbrev  0x000018e1      0x2b3 ./Drivers/STM32F4xx_HAL_Driver/Src/stm32f4xx_ll_usb.o
 .debug_abbrev  0x00001b94      0x2d2 ./Middlewares/ST/STM32_USB_Device_Library/Class/CDC/Src/usbd_cdc.o
 .debug_abbrev  0x00001e66      0x27c ./Middlewares/ST/STM32_USB_Device_Library/Core/Src/usbd_core.o
 .debug_abbrev  0x000020e2      0x26f ./Middlewares/ST/STM32_USB_Device_Library/Core/Src/usbd_ctlreq.o
 .debug_abbrev  0x00002351      0x19a ./Middlewares/ST/STM32_USB_Device_Library/Core/Src/usbd_ioreq.o
 .debug_abbrev  0x000024eb      0x195 ./USB_DEVICE/App/usb_device.o
 .debug_abbrev  0x00002680      0x29d ./USB_DEVICE/App/usbd_cdc_if.o
 .debug_abbrev  0x0000291d      0x1e1 ./USB_DEVICE/App/usbd_desc.o
 .debug_abbrev  0x00002afe      0x33f ./USB_DEVICE/Target/usbd_conf.o

.debug_aranges  0x00000000      0xc78
 .debug_aranges
                0x00000000       0x58 ./Core/Src/main.o
 .debug_aranges
                0x00000058       0x30 ./Core/Src/stm32f4xx_hal_msp.o
 .debug_aranges
                0x00000088       0x68 ./Core/Src/stm32f4xx_it.o
 .debug_aranges
                0x000000f0       0x20 ./Core/Src/sysmem.o
 .debug_aranges
                0x00000110       0x28 ./Core/Src/system_stm32f4xx.o
 .debug_aranges
                0x00000138       0x28 ./Core/Startup/startup_stm32f407vgtx.o
 .debug_aranges
                0x00000160       0xf0 ./Drivers/STM32F4xx_HAL_Driver/Src/stm32f4xx_hal.o
 .debug_aranges
                0x00000250       0xe8 ./Drivers/STM32F4xx_HAL_Driver/Src/stm32f4xx_hal_adc.o
 .debug_aranges
                0x00000338      0x120 ./Drivers/STM32F4xx_HAL_Driver/Src/stm32f4xx_hal_cortex.o
 .debug_aranges
                0x00000458       0x58 ./Drivers/STM32F4xx_HAL_Driver/Src/stm32f4xx_hal_gpio.o
 .debug_aranges
                0x000004b0      0x148 ./Drivers/STM32F4xx_HAL_Driver/Src/stm32f4xx_hal_pcd.o
 .debug_aranges
                0x000005f8       0x38 ./Drivers/STM32F4xx_HAL_Driver/Src/stm32f4xx_hal_pcd_ex.o
 .debug_aranges
                0x00000630       0x88 ./Drivers/STM32F4xx_HAL_Driver/Src/stm32f4xx_hal_rcc.o
 .debug_aranges
                0x000006b8      0x1a0 ./Drivers/STM32F4xx_HAL_Driver/Src/stm32f4xx_ll_usb.o
 .debug_aranges
                0x00000858       0x90 ./Middlewares/ST/STM32_USB_Device_Library/Class/CDC/Src/usbd_cdc.o
 .debug_aranges
                0x000008e8       0xd8 ./Middlewares/ST/STM32_USB_Device_Library/Core/Src/usbd_core.o
 .debug_aranges
                0x000009c0       0x90 ./Middlewares/ST/STM32_USB_Device_Library/Core/Src/usbd_ctlreq.o
 .debug_aranges
                0x00000a50       0x50 ./Middlewares/ST/STM32_USB_Device_Library/Core/Src/usbd_ioreq.o
 .debug_aranges
                0x00000aa0       0x20 ./USB_DEVICE/App/usb_device.o
 .debug_aranges
                0x00000ac0       0x48 ./USB_DEVICE/App/usbd_cdc_if.o
 .debug_aranges
                0x00000b08       0x60 ./USB_DEVICE/App/usbd_desc.o
 .debug_aranges
                0x00000b68      0x110 ./USB_DEVICE/Target/usbd_conf.o

.debug_rnglists
                0x00000000      0x938
 .debug_rnglists
                0x00000000       0x42 ./Core/Src/main.o
 .debug_rnglists
                0x00000042       0x20 ./Core/Src/stm32f4xx_hal_msp.o
 .debug_rnglists
                0x00000062       0x49 ./Core/Src/stm32f4xx_it.o
 .debug_rnglists
                0x000000ab       0x13 ./Core/Src/sysmem.o
 .debug_rnglists
                0x000000be       0x1a ./Core/Src/system_stm32f4xx.o
 .debug_rnglists
                0x000000d8       0x19 ./Core/Startup/startup_stm32f407vgtx.o
 .debug_rnglists
                0x000000f1       0xaf ./Drivers/STM32F4xx_HAL_Driver/Src/stm32f4xx_hal.o
 .debug_rnglists
                0x000001a0       0xb5 ./Drivers/STM32F4xx_HAL_Driver/Src/stm32f4xx_hal_adc.o
 .debug_rnglists
                0x00000255       0xd4 ./Drivers/STM32F4xx_HAL_Driver/Src/stm32f4xx_hal_cortex.o
 .debug_rnglists
                0x00000329       0x3f ./Drivers/STM32F4xx_HAL_Driver/Src/stm32f4xx_hal_gpio.o
 .debug_rnglists
                0x00000368       0xfa ./Drivers/STM32F4xx_HAL_Driver/Src/stm32f4xx_hal_pcd.o
 .debug_rnglists
                0x00000462       0x26 ./Drivers/STM32F4xx_HAL_Driver/Src/stm32f4xx_hal_pcd_ex.o
 .debug_rnglists
                0x00000488       0x66 ./Drivers/STM32F4xx_HAL_Driver/Src/stm32f4xx_hal_rcc.o
 .debug_rnglists
                0x000004ee      0x147 ./Drivers/STM32F4xx_HAL_Driver/Src/stm32f4xx_ll_usb.o
 .debug_rnglists
                0x00000635       0x6c ./Middlewares/ST/STM32_USB_Device_Library/Class/CDC/Src/usbd_cdc.o
 .debug_rnglists
                0x000006a1       0xa1 ./Middlewares/ST/STM32_USB_Device_Library/Core/Src/usbd_core.o
 .debug_rnglists
                0x00000742       0x6e ./Middlewares/ST/STM32_USB_Device_Library/Core/Src/usbd_ctlreq.o
 .debug_rnglists
                0x000007b0       0x37 ./Middlewares/ST/STM32_USB_Device_Library/Core/Src/usbd_ioreq.o
 .debug_rnglists
                0x000007e7       0x13 ./USB_DEVICE/App/usb_device.o
 .debug_rnglists
                0x000007fa       0x32 ./USB_DEVICE/App/usbd_cdc_if.o
 .debug_rnglists
                0x0000082c       0x43 ./USB_DEVICE/App/usbd_desc.o
 .debug_rnglists
                0x0000086f       0xc9 ./USB_DEVICE/Target/usbd_conf.o

.debug_macro    0x00000000    0x23fa3
 .debug_macro   0x00000000      0x376 ./Core/Src/main.o
 .debug_macro   0x00000376      0xab4 ./Core/Src/main.o
 .debug_macro   0x00000e2a      0x29b ./Core/Src/main.o
 .debug_macro   0x000010c5       0x2e ./Core/Src/main.o
 .debug_macro   0x000010f3       0x2f ./Core/Src/main.o
 .debug_macro   0x00001122       0x22 ./Core/Src/main.o
 .debug_macro   0x00001144       0x8e ./Core/Src/main.o
 .debug_macro   0x000011d2       0x51 ./Core/Src/main.o
 .debug_macro   0x00001223      0x103 ./Core/Src/main.o
 .debug_macro   0x00001326       0x6a ./Core/Src/main.o
 .debug_macro   0x00001390      0x1df ./Core/Src/main.o
 .debug_macro   0x0000156f       0x1c ./Core/Src/main.o
 .debug_macro   0x0000158b       0x22 ./Core/Src/main.o
 .debug_macro   0x000015ad       0xfb ./Core/Src/main.o
 .debug_macro   0x000016a8     0x1011 ./Core/Src/main.o
 .debug_macro   0x000026b9      0x11f ./Core/Src/main.o
 .debug_macro   0x000027d8    0x15e97 ./Core/Src/main.o
 .debug_macro   0x0001866f       0x6d ./Core/Src/main.o
 .debug_macro   0x000186dc     0x368c ./Core/Src/main.o
 .debug_macro   0x0001bd68      0x189 ./Core/Src/main.o
 .debug_macro   0x0001bef1       0x5c ./Core/Src/main.o
 .debug_macro   0x0001bf4d      0x980 ./Core/Src/main.o
 .debug_macro   0x0001c8cd      0x9e9 ./Core/Src/main.o
 .debug_macro   0x0001d2b6      0x115 ./Core/Src/main.o
 .debug_macro   0x0001d3cb      0x13e ./Core/Src/main.o
 .debug_macro   0x0001d509       0xa5 ./Core/Src/main.o
 .debug_macro   0x0001d5ae      0x174 ./Core/Src/main.o
 .debug_macro   0x0001d722      0x287 ./Core/Src/main.o
 .debug_macro   0x0001d9a9       0x5f ./Core/Src/main.o
 .debug_macro   0x0001da08      0x236 ./Core/Src/main.o
 .debug_macro   0x0001dc3e      0xb5b ./Core/Src/main.o
 .debug_macro   0x0001e799      0x38b ./Core/Src/main.o
 .debug_macro   0x0001eb24      0x176 ./Core/Src/main.o
 .debug_macro   0x0001ec9a       0xf9 ./Core/Src/main.o
 .debug_macro   0x0001ed93      0x12c ./Core/Src/main.o
 .debug_macro   0x0001eebf      0x21e ./Core/Src/main.o
 .debug_macro   0x0001f0dd       0x2e ./Core/Src/main.o
 .debug_macro   0x0001f10b      0x127 ./Core/Src/main.o
 .debug_macro   0x0001f232       0x7e ./Core/Src/main.o
 .debug_macro   0x0001f2b0       0x89 ./Core/Src/main.o
 .debug_macro   0x0001f339      0x293 ./Core/Src/main.o
 .debug_macro   0x0001f5cc       0xba ./Core/Src/main.o
 .debug_macro   0x0001f686      0x12d ./Core/Src/main.o
 .debug_macro   0x0001f7b3       0x61 ./Core/Src/main.o
 .debug_macro   0x0001f814       0x2a ./Core/Src/main.o
 .debug_macro   0x0001f83e       0x43 ./Core/Src/main.o
 .debug_macro   0x0001f881       0x34 ./Core/Src/main.o
 .debug_macro   0x0001f8b5       0x16 ./Core/Src/main.o
 .debug_macro   0x0001f8cb       0x35 ./Core/Src/main.o
 .debug_macro   0x0001f900      0x369 ./Core/Src/main.o
 .debug_macro   0x0001fc69       0x10 ./Core/Src/main.o