../Core/Src/main.c:122:5:main	8	static
../Core/Src/main.c:167:6:SystemClock_Config	88	static
../Core/Src/main.c:217:6:Error_Handler	4	static,ignoring_inline_asm
../Core/Src/main.c:229:6:GPIO_Init	4	static
../Core/Src/main.c:257:6:SPI_Init	4	static
../Core/Src/main.c:298:10:SPI_Transmit	16	static
../Core/Src/main.c:311:10:SPI_Receive	16	static
../Core/Src/main.c:320:6:LIS_Write	16	static
../Core/Src/main.c:335:6:LIS_Init	8	static
../Core/Src/main.c:340:6:LIS_Read	8	static
../Core/Src/main.c:352:6:TIM4_ms_Delay	16	static
../Core/Src/main.c:362:9:Convert_To_Val	16	static
