17:10:56 **** Incremental Build of configuration Debug for project LabWork8_1 ****
make -j12 all 
arm-none-eabi-gcc "../Core/Src/main.c" -mcpu=cortex-m4 -std=gnu11 -g3 -DDEBUG -DUSE_HAL_DRIVER -DSTM32F407xx -c -I../Core/Inc -I../Drivers/STM32F4xx_HAL_Driver/Inc -I../Drivers/STM32F4xx_HAL_Driver/Inc/Legacy -I../Drivers/CMSIS/Device/ST/STM32F4xx/Include -I../Drivers/CMSIS/Include -O0 -ffunction-sections -fdata-sections -Wall -fstack-usage -fcyclomatic-complexity -MMD -MP -MF"Core/Src/main.d" -MT"Core/Src/main.o" --specs=nano.specs -mfpu=fpv4-sp-d16 -mfloat-abi=hard -mthumb -o "Core/Src/main.o"
arm-none-eabi-gcc -o "LabWork8_1.elf" @"objects.list"   -mcpu=cortex-m4 -T"C:\Users\pauli\Desktop\Mikrovaldikliu lab\Patys Darbai\LabWork8_1\STM32F407VGTX_FLASH.ld" --specs=nosys.specs -Wl,-Map="LabWork8_1.map" -Wl,--gc-sections -static --specs=nano.specs -mfpu=fpv4-sp-d16 -mfloat-abi=hard -mthumb -Wl,--start-group -lc -lm -Wl,--end-group
Finished building target: LabWork8_1.elf
 
arm-none-eabi-size  LabWork8_1.elf 
arm-none-eabi-objdump -h -S LabWork8_1.elf  > "LabWork8_1.list"
   text	   data	    bss	    dec	    hex	filename
   9328	     24	   1728	  11080	   2b48	LabWork8_1.elf
Finished building: default.size.stdout
 
Finished building: LabWork8_1.list
 

17:10:56 Build Finished. 0 errors, 0 warnings. (took 650ms)

