14:42:25 **** Incremental Build of configuration Debug for project LabWork2 ****
make -j12 all 
arm-none-eabi-gcc "../Core/Src/main.c" -mcpu=cortex-m4 -std=gnu11 -g3 -DDEBUG -DUSE_HAL_DRIVER -DSTM32F407xx -c -I../Core/Inc -I../Drivers/STM32F4xx_HAL_Driver/Inc -I../Drivers/STM32F4xx_HAL_Driver/Inc/Legacy -I../Drivers/CMSIS/Device/ST/STM32F4xx/Include -I../Drivers/CMSIS/Include -O0 -ffunction-sections -fdata-sections -Wall -fstack-usage -fcyclomatic-complexity -MMD -MP -MF"Core/Src/main.d" -MT"Core/Src/main.o" --specs=nano.specs -mfpu=fpv4-sp-d16 -mfloat-abi=hard -mthumb -o "Core/Src/main.o"
arm-none-eabi-gcc -o "LabWork2.elf" @"objects.list"   -mcpu=cortex-m4 -T"C:\Users\pauli\Desktop\Mikrovaldikliu lab\Patys Darbai\LabWork2\STM32F407VGTX_FLASH.ld" --specs=nosys.specs -Wl,-Map="LabWork2.map" -Wl,--gc-sections -static --specs=nano.specs -mfpu=fpv4-sp-d16 -mfloat-abi=hard -mthumb -Wl,--start-group -lc -lm -Wl,--end-group
Finished building target: LabWork2.elf
 
arm-none-eabi-size  LabWork2.elf 
arm-none-eabi-objdump -h -S LabWork2.elf  > "LabWork2.list"
   text	   data	    bss	    dec	    hex	filename
   5280	     20	   1572	   6872	   1ad8	LabWork2.elf
Finished building: default.size.stdout
 
Finished building: LabWork2.list
 

14:42:26 Build Finished. 0 errors, 0 warnings. (took 825ms)

