16:54:40 **** Incremental Build of configuration Debug for project LabWork8 ****
make -j12 all 
arm-none-eabi-gcc "../Core/Src/stm32f4xx_it.c" -mcpu=cortex-m4 -std=gnu11 -g3 -DDEBUG -DUSE_HAL_DRIVER -DSTM32F407xx -c -I../Core/Inc -I../Drivers/STM32F4xx_HAL_Driver/Inc -I../Drivers/STM32F4xx_HAL_Driver/Inc/Legacy -I../Drivers/CMSIS/Device/ST/STM32F4xx/Include -I../Drivers/CMSIS/Include -O0 -ffunction-sections -fdata-sections -Wall -fstack-usage -fcyclomatic-complexity -MMD -MP -MF"Core/Src/stm32f4xx_it.d" -MT"Core/Src/stm32f4xx_it.o" --specs=nano.specs -mfpu=fpv4-sp-d16 -mfloat-abi=hard -mthumb -o "Core/Src/stm32f4xx_it.o"
arm-none-eabi-gcc -o "LabWork8.elf" @"objects.list"   -mcpu=cortex-m4 -T"C:\Users\pauli\Desktop\Mikrovaldikliu lab\Patys Darbai\LabWork8\STM32F407VGTX_FLASH.ld" --specs=nosys.specs -Wl,-Map="LabWork8.map" -Wl,--gc-sections -static --specs=nano.specs -mfpu=fpv4-sp-d16 -mfloat-abi=hard -mthumb -Wl,--start-group -lc -lm -Wl,--end-group
Finished building target: LabWork8.elf
 
arm-none-eabi-size  LabWork8.elf 
arm-none-eabi-objdump -h -S LabWork8.elf  > "LabWork8.list"
   text	   data	    bss	    dec	    hex	filename
   9276	     20	   1716	  11012	   2b04	LabWork8.elf
Finished building: default.size.stdout
 
Finished building: LabWork8.list
 

16:54:41 Build Finished. 0 errors, 0 warnings. (took 653ms)

