../Core/Src/main.c:81:5:main	16	static
../Core/Src/main.c:142:6:SystemClock_Config	88	static
../Core/Src/main.c:188:13:MX_NVIC_Init	8	static
../Core/Src/main.c:209:13:MX_SPI1_Init	8	static
../Core/Src/main.c:247:13:MX_SPI2_Init	8	static
../Core/Src/main.c:284:13:MX_SPI3_Init	8	static
../Core/Src/main.c:322:13:MX_TIM3_Init	32	static
../Core/Src/main.c:367:13:MX_GPIO_Init	56	static
../Core/Src/main.c:393:6:HAL_TIM_PeriodElapsedCallback	16	static
../Core/Src/main.c:402:6:HAL_SPI_RxCpltCallback	16	static
../Core/Src/main.c:437:6:Error_Handler	4	static,ignoring_inline_asm
